{
  "version": "1.5.0",
  "plugins_used": [
    {
      "name": "ArtifactoryDetector"
    },
    {
      "name": "AWSKeyDetector"
    },
    {
      "name": "AzureStorageKeyDetector"
    },
    {
      "name": "Base64HighEntropyString",
      "limit": 4.5
    },
    {
      "name": "BasicAuthDetector"
    },
    {
      "name": "CloudantDetector"
    },
    {
      "name": "DiscordBotTokenDetector"
    },
    {
      "name": "GitHubTokenDetector"
    },
    {
      "name": "GitLabTokenDetector"
    },
    {
      "name": "HexHighEntropyString",
      "limit": 3.0
    },
    {
      "name": "IbmCloudIamDetector"
    },
    {
      "name": "IbmCosHmacDetector"
    },
    {
      "name": "IPPublicDetector"
    },
    {
      "name": "JwtTokenDetector"
    },
    {
      "name": "KeywordDetector",
      "keyword_exclude": ""
    },
    {
      "name": "MailchimpDetector"
    },
    {
      "name": "NpmDetector"
    },
    {
      "name": "OpenAIDetector"
    },
    {
      "name": "PrivateKeyDetector"
    },
    {
      "name": "PypiTokenDetector"
    },
    {
      "name": "SendGridDetector"
    },
    {
      "name": "SlackDetector"
    },
    {
      "name": "SoftlayerDetector"
    },
    {
      "name": "SquareOAuthDetector"
    },
    {
      "name": "StripeDetector"
    },
    {
      "name": "TelegramBotTokenDetector"
    },
    {
      "name": "TwilioKeyDetector"
    }
  ],
  "filters_used": [
    {
      "path": "detect_secrets.filters.allowlist.is_line_allowlisted"
    },
    {
      "path": "detect_secrets.filters.common.is_ignored_due_to_verification_policies",
      "min_level": 2
    },
    {
      "path": "detect_secrets.filters.heuristic.is_indirect_reference"
    },
    {
      "path": "detect_secrets.filters.heuristic.is_likely_id_string"
    },
    {
      "path": "detect_secrets.filters.heuristic.is_lock_file"
    },
    {
      "path": "detect_secrets.filters.heuristic.is_not_alphanumeric_string"
    },
    {
      "path": "detect_secrets.filters.heuristic.is_potential_uuid"
    },
    {
      "path": "detect_secrets.filters.heuristic.is_prefixed_with_dollar_sign"
    },
    {
      "path": "detect_secrets.filters.heuristic.is_sequential_string"
    },
    {
      "path": "detect_secrets.filters.heuristic.is_swagger_file"
    },
    {
      "path": "detect_secrets.filters.heuristic.is_templated_secret"
    }
  ],
  "results": {
    "tools\\builder\\profile_detector.py": [
      {
        "type": "Secret Keyword",
        "filename": "tools\\builder\\profile_detector.py",
        "hashed_secret": "3c2ae4bf3ee04c18976cbbe260adb8a5a966fdab",
        "is_verified": false,
        "line_number": 437
      }
    ],
    "tools\\cloud\\secrets_provider.py": [
      {
        "type": "Secret Keyword",
        "filename": "tools\\cloud\\secrets_provider.py",
        "hashed_secret": "e349674cd33923380f88b6ae67a750258a7e9a57",
        "is_verified": false,
        "line_number": 389
      }
    ],
    "tools\\compliance\\emass\\emass_client.py": [
      {
        "type": "Secret Keyword",
        "filename": "tools\\compliance\\emass\\emass_client.py",
        "hashed_secret": "067150653bdb6d8bb02669db8098731a8e2967e4",
        "is_verified": false,
        "line_number": 56
      },
      {
        "type": "Secret Keyword",
        "filename": "tools\\compliance\\emass\\emass_client.py",
        "hashed_secret": "72f8abf9b65dfce36c082dfc2875560ada6adcf4",
        "is_verified": false,
        "line_number": 57
      },
      {
        "type": "Secret Keyword",
        "filename": "tools\\compliance\\emass\\emass_client.py",
        "hashed_secret": "6406514707ce82aafbcf1b4d50de0b4d1c3667d4",
        "is_verified": false,
        "line_number": 58
      },
      {
        "type": "Secret Keyword",
        "filename": "tools\\compliance\\emass\\emass_client.py",
        "hashed_secret": "75db0b81aba442d6211a4950bdc98b97a44b9e1a",
        "is_verified": false,
        "line_number": 59
      }
    ],
    "tools\\compliance\\resolve_marking.py": [
      {
        "type": "Secret Keyword",
        "filename": "tools\\compliance\\resolve_marking.py",
        "hashed_secret": "5a63a58f8d68fd8d8dc685aafe89a626036d7619",
        "is_verified": false,
        "line_number": 144
      }
    ],
    "tools\\compliance\\universal_classification_manager.py": [
      {
        "type": "Secret Keyword",
        "filename": "tools\\compliance\\universal_classification_manager.py",
        "hashed_secret": "9e0567dd2b345075ac6ec10979b95be71fcb7ad9",
        "is_verified": false,
        "line_number": 77
      }
    ],
    "tools\\compliance\\xacta\\xacta_client.py": [
      {
        "type": "Secret Keyword",
        "filename": "tools\\compliance\\xacta\\xacta_client.py",
        "hashed_secret": "d6c63a2bf2e44ded3646470a263bc1c139facf51",
        "is_verified": false,
        "line_number": 45
      },
      {
        "type": "Secret Keyword",
        "filename": "tools\\compliance\\xacta\\xacta_client.py",
        "hashed_secret": "f175eb020fd955ea935a96cadbba95a327494ec7",
        "is_verified": false,
        "line_number": 46
      },
      {
        "type": "Secret Keyword",
        "filename": "tools\\compliance\\xacta\\xacta_client.py",
        "hashed_secret": "2f89acd3c0cb1c8fdecaafa8ac3c64ac8e5e31f2",
        "is_verified": false,
        "line_number": 47
      }
    ],
    "tools\\dashboard\\api\\intake.py": [
      {
        "type": "Secret Keyword",
        "filename": "tools\\dashboard\\api\\intake.py",
        "hashed_secret": "24227ade01f11b750b66120134fbabd753ef3880",
        "is_verified": false,
        "line_number": 854
      },
      {
        "type": "Secret Keyword",
        "filename": "tools\\dashboard\\api\\intake.py",
        "hashed_secret": "21345367fecc9657f1d3ebf8622aa9d41e0e6a92",
        "is_verified": false,
        "line_number": 858
      }
    ],
    "tools\\dashboard\\auth.py": [
      {
        "type": "Secret Keyword",
        "filename": "tools\\dashboard\\auth.py",
        "hashed_secret": "5e7a1a2fa883a775640ed092672abe4239aa206f",
        "is_verified": false,
        "line_number": 40
      }
    ],
    "tools\\db\\backup_manager.py": [
      {
        "type": "Basic Auth Credentials",
        "filename": "tools\\db\\backup_manager.py",
        "hashed_secret": "9d4e1e23bd5b727046a9e3b4b7db57bd8d6ee684",
        "is_verified": false,
        "line_number": 254
      }
    ],
    "tools\\devsecops\\pdp_config_generator.py": [
      {
        "type": "Secret Keyword",
        "filename": "tools\\devsecops\\pdp_config_generator.py",
        "hashed_secret": "1e74acd6ff9779524362a5a03058cfcdda8419d6",
        "is_verified": false,
        "line_number": 260
      },
      {
        "type": "Secret Keyword",
        "filename": "tools\\devsecops\\pdp_config_generator.py",
        "hashed_secret": "5dd82a5960c08d84e59327db0635885d4390fc28",
        "is_verified": false,
        "line_number": 282
      },
      {
        "type": "Secret Keyword",
        "filename": "tools\\devsecops\\pdp_config_generator.py",
        "hashed_secret": "8b6d6a4aa4e96263d72d252b3983d5d92928d0a9",
        "is_verified": false,
        "line_number": 304
      },
      {
        "type": "Secret Keyword",
        "filename": "tools\\devsecops\\pdp_config_generator.py",
        "hashed_secret": "0fd9010e01fb5107483cf5e7af2a6293f73fadb9",
        "is_verified": false,
        "line_number": 980
      },
      {
        "type": "Secret Keyword",
        "filename": "tools\\devsecops\\pdp_config_generator.py",
        "hashed_secret": "f46dc9e49d9c9efda70a69f42665e1e8719b8900",
        "is_verified": false,
        "line_number": 1004
      },
      {
        "type": "Secret Keyword",
        "filename": "tools\\devsecops\\pdp_config_generator.py",
        "hashed_secret": "cd3d259a576a98168d90332b0c21bb867ce62f87",
        "is_verified": false,
        "line_number": 1029
      },
      {
        "type": "Secret Keyword",
        "filename": "tools\\devsecops\\pdp_config_generator.py",
        "hashed_secret": "accc9b4031401d2daa5d1957cbe98f736a12c24d",
        "is_verified": false,
        "line_number": 1052
      }
    ],
    "tools\\infra\\pipeline_generator.py": [
      {
        "type": "Basic Auth Credentials",
        "filename": "tools\\infra\\pipeline_generator.py",
        "hashed_secret": "206c80413b9a96c1312cc346b7d2517b84463edd",
        "is_verified": false,
        "line_number": 332
      }
    ],
    "tools\\infra\\terraform_generator.py": [
      {
        "type": "Secret Keyword",
        "filename": "tools\\infra\\terraform_generator.py",
        "hashed_secret": "64780dabb601e0e119d971b80bd608d951411d57",
        "is_verified": false,
        "line_number": 992
      }
    ],
    "tools\\infra\\terraform_generator_oci.py": [
      {
        "type": "Secret Keyword",
        "filename": "tools\\infra\\terraform_generator_oci.py",
        "hashed_secret": "f4c04783479e7fc3c8eb87de2904108a4e30ba88",
        "is_verified": false,
        "line_number": 740
      }
    ],
    "tools\\llm\\embedding_provider.py": [
      {
        "type": "Secret Keyword",
        "filename": "tools\\llm\\embedding_provider.py",
        "hashed_secret": "b5c2827eb65bf13b87130e7e3c424ba9ff07cd67",
        "is_verified": false,
        "line_number": 72
      }
    ],
    "tools\\llm\\openai_provider.py": [
      {
        "type": "Secret Keyword",
        "filename": "tools\\llm\\openai_provider.py",
        "hashed_secret": "b5c2827eb65bf13b87130e7e3c424ba9ff07cd67",
        "is_verified": false,
        "line_number": 67
      }
    ],
    "tools\\playground\\app.py": [
      {
        "type": "Secret Keyword",
        "filename": "tools\\playground\\app.py",
        "hashed_secret": "c1d2bbfe0d10f12ebd21174db9699360614e6f11",
        "is_verified": false,
        "line_number": 43
      }
    ],
    "tools\\saas\\models.py": [
      {
        "type": "Secret Keyword",
        "filename": "tools\\saas\\models.py",
        "hashed_secret": "665b1e3851eefefa3fb878654292f16597d25155",
        "is_verified": false,
        "line_number": 44
      }
    ],
    "tools\\security\\agent_output_validator.py": [
      {
        "type": "Private Key",
        "filename": "tools\\security\\agent_output_validator.py",
        "hashed_secret": "27c6929aef41ae2bcadac15ca6abcaff72cda9cd",
        "is_verified": false,
        "line_number": 159
      },
      {
        "type": "Private Key",
        "filename": "tools\\security\\agent_output_validator.py",
        "hashed_secret": "be4fc4886bd949b369d5e092eb87494f12e57e5b",
        "is_verified": false,
        "line_number": 159
      },
      {
        "type": "Private Key",
        "filename": "tools\\security\\agent_output_validator.py",
        "hashed_secret": "f0778f3e140a61d5bbbed5430773e52af2f5fba4",
        "is_verified": false,
        "line_number": 159
      }
    ],
    "tools\\security\\secret_detector.py": [
      {
        "type": "Private Key",
        "filename": "tools\\security\\secret_detector.py",
        "hashed_secret": "1348b145fa1a555461c1b790a2f66614781091e9",
        "is_verified": false,
        "line_number": 247
      }
    ],
    "tools\\testing\\health_check.py": [
      {
        "type": "Secret Keyword",
        "filename": "tools\\testing\\health_check.py",
        "hashed_secret": "09f2abb87861de7d3d83b92877e4ebe71e4dfa1a",
        "is_verified": false,
        "line_number": 64
      },
      {
        "type": "Secret Keyword",
        "filename": "tools\\testing\\health_check.py",
        "hashed_secret": "df62e832c97c869afa2a422df6c76f00a07de758",
        "is_verified": false,
        "line_number": 66
      }
    ]
  },
  "generated_at": "2026-02-23T04:25:02Z"
}
