{
  "version": "1.5.0",
  "plugins_used": [
    {
      "name": "ArtifactoryDetector"
    },
    {
      "name": "AWSKeyDetector"
    },
    {
      "name": "AzureStorageKeyDetector"
    },
    {
      "name": "Base64HighEntropyString",
      "limit": 4.5
    },
    {
      "name": "BasicAuthDetector"
    },
    {
      "name": "CloudantDetector"
    },
    {
      "name": "DiscordBotTokenDetector"
    },
    {
      "name": "GitHubTokenDetector"
    },
    {
      "name": "GitLabTokenDetector"
    },
    {
      "name": "HexHighEntropyString",
      "limit": 3.0
    },
    {
      "name": "IbmCloudIamDetector"
    },
    {
      "name": "IbmCosHmacDetector"
    },
    {
      "name": "IPPublicDetector"
    },
    {
      "name": "JwtTokenDetector"
    },
    {
      "name": "KeywordDetector",
      "keyword_exclude": ""
    },
    {
      "name": "MailchimpDetector"
    },
    {
      "name": "NpmDetector"
    },
    {
      "name": "OpenAIDetector"
    },
    {
      "name": "PrivateKeyDetector"
    },
    {
      "name": "PypiTokenDetector"
    },
    {
      "name": "SendGridDetector"
    },
    {
      "name": "SlackDetector"
    },
    {
      "name": "SoftlayerDetector"
    },
    {
      "name": "SquareOAuthDetector"
    },
    {
      "name": "StripeDetector"
    },
    {
      "name": "TelegramBotTokenDetector"
    },
    {
      "name": "TwilioKeyDetector"
    }
  ],
  "filters_used": [
    {
      "path": "detect_secrets.filters.allowlist.is_line_allowlisted"
    },
    {
      "path": "detect_secrets.filters.common.is_baseline_file",
      "filename": ".secrets.baseline"
    },
    {
      "path": "detect_secrets.filters.common.is_ignored_due_to_verification_policies",
      "min_level": 2
    },
    {
      "path": "detect_secrets.filters.heuristic.is_indirect_reference"
    },
    {
      "path": "detect_secrets.filters.heuristic.is_likely_id_string"
    },
    {
      "path": "detect_secrets.filters.heuristic.is_lock_file"
    },
    {
      "path": "detect_secrets.filters.heuristic.is_not_alphanumeric_string"
    },
    {
      "path": "detect_secrets.filters.heuristic.is_potential_uuid"
    },
    {
      "path": "detect_secrets.filters.heuristic.is_prefixed_with_dollar_sign"
    },
    {
      "path": "detect_secrets.filters.heuristic.is_sequential_string"
    },
    {
      "path": "detect_secrets.filters.heuristic.is_swagger_file"
    },
    {
      "path": "detect_secrets.filters.heuristic.is_templated_secret"
    }
  ],
  "results": {
    ".env.template": [
      {
        "type": "Basic Auth Credentials",
        "filename": ".env.template",
        "hashed_secret": "5baa61e4c9b93f3f0682250b6cf8331b7ee68fd8",
        "is_verified": false,
        "line_number": 60
      }
    ],
    "args\\cicd_config.yaml": [
      {
        "type": "Secret Keyword",
        "filename": "args\\cicd_config.yaml",
        "hashed_secret": "42178b4f15f8605509c23b5191583b95367f754b",
        "is_verified": false,
        "line_number": 33
      },
      {
        "type": "Secret Keyword",
        "filename": "args\\cicd_config.yaml",
        "hashed_secret": "f98ab114c54ab91ae9ead420cedc92e30acc6f89",
        "is_verified": false,
        "line_number": 34
      },
      {
        "type": "Secret Keyword",
        "filename": "args\\cicd_config.yaml",
        "hashed_secret": "1f72cf78706b2a956e86e36dd65b11312032fad1",
        "is_verified": false,
        "line_number": 41
      },
      {
        "type": "Secret Keyword",
        "filename": "args\\cicd_config.yaml",
        "hashed_secret": "82687c32bc9604cb3bd6c7bcf243cd120cf900ac",
        "is_verified": false,
        "line_number": 42
      }
    ],
    "args\\cli_config.yaml": [
      {
        "type": "Secret Keyword",
        "filename": "args\\cli_config.yaml",
        "hashed_secret": "b8980dab3d25652a2039a8ff3aac48e0b36f2142",
        "is_verified": false,
        "line_number": 108
      }
    ],
    "args\\finetune_config.yaml": [
      {
        "type": "Secret Keyword",
        "filename": "args\\finetune_config.yaml",
        "hashed_secret": "02ecb94373bfb3dfe827ca18409f50b016e8302a",
        "is_verified": false,
        "line_number": 140
      },
      {
        "type": "Secret Keyword",
        "filename": "args\\finetune_config.yaml",
        "hashed_secret": "04827ce753ca41ba673b446b1c94b47a905a59b6",
        "is_verified": false,
        "line_number": 158
      }
    ],
    "args\\govcon_config.yaml": [
      {
        "type": "Secret Keyword",
        "filename": "args\\govcon_config.yaml",
        "hashed_secret": "9b8db3d3ba09b36c6ae2f10f9b9d85fd258829d0",
        "is_verified": false,
        "line_number": 10
      }
    ],
    "args\\llm_config.yaml": [
      {
        "type": "Secret Keyword",
        "filename": "args\\llm_config.yaml",
        "hashed_secret": "f8ca0d7266886f4b5be9adddc9b66017b3bf1a4b",
        "is_verified": false,
        "line_number": 17
      },
      {
        "type": "Secret Keyword",
        "filename": "args\\llm_config.yaml",
        "hashed_secret": "02ecb94373bfb3dfe827ca18409f50b016e8302a",
        "is_verified": false,
        "line_number": 22
      },
      {
        "type": "Secret Keyword",
        "filename": "args\\llm_config.yaml",
        "hashed_secret": "1db4aba2bc9d400d5e75f5473ff811cd819a436d",
        "is_verified": false,
        "line_number": 31
      },
      {
        "type": "Secret Keyword",
        "filename": "args\\llm_config.yaml",
        "hashed_secret": "5b924ca5330ede58702a5b0e414207b90fb1aef3",
        "is_verified": false,
        "line_number": 36
      },
      {
        "type": "Secret Keyword",
        "filename": "args\\llm_config.yaml",
        "hashed_secret": "175b240fc77d90b22e4883c9e5f70ae1aef79e0c",
        "is_verified": false,
        "line_number": 40
      }
    ],
    "args\\observability_config.yaml": [
      {
        "type": "Secret Keyword",
        "filename": "args\\observability_config.yaml",
        "hashed_secret": "a2e80b773ed1f576ea4bb59b83fe132b09055daa",
        "is_verified": false,
        "line_number": 7
      }
    ],
    "args\\owasp_agentic_config.yaml": [
      {
        "type": "Private Key",
        "filename": "args\\owasp_agentic_config.yaml",
        "hashed_secret": "27c6929aef41ae2bcadac15ca6abcaff72cda9cd",
        "is_verified": false,
        "line_number": 76
      },
      {
        "type": "Private Key",
        "filename": "args\\owasp_agentic_config.yaml",
        "hashed_secret": "be4fc4886bd949b369d5e092eb87494f12e57e5b",
        "is_verified": false,
        "line_number": 76
      },
      {
        "type": "Private Key",
        "filename": "args\\owasp_agentic_config.yaml",
        "hashed_secret": "f0778f3e140a61d5bbbed5430773e52af2f5fba4",
        "is_verified": false,
        "line_number": 76
      }
    ],
    "args\\project_defaults.yaml": [
      {
        "type": "Secret Keyword",
        "filename": "args\\project_defaults.yaml",
        "hashed_secret": "3c2ae4bf3ee04c18976cbbe260adb8a5a966fdab",
        "is_verified": false,
        "line_number": 46
      },
      {
        "type": "Secret Keyword",
        "filename": "args\\project_defaults.yaml",
        "hashed_secret": "fee0ab3e65a46ddf03b411d6396e7be62287f2b3",
        "is_verified": false,
        "line_number": 57
      },
      {
        "type": "Secret Keyword",
        "filename": "args\\project_defaults.yaml",
        "hashed_secret": "d6c63a2bf2e44ded3646470a263bc1c139facf51",
        "is_verified": false,
        "line_number": 105
      },
      {
        "type": "Secret Keyword",
        "filename": "args\\project_defaults.yaml",
        "hashed_secret": "f175eb020fd955ea935a96cadbba95a327494ec7",
        "is_verified": false,
        "line_number": 106
      },
      {
        "type": "Secret Keyword",
        "filename": "args\\project_defaults.yaml",
        "hashed_secret": "2f89acd3c0cb1c8fdecaafa8ac3c64ac8e5e31f2",
        "is_verified": false,
        "line_number": 107
      }
    ],
    "args\\rag_config.yaml": [
      {
        "type": "Secret Keyword",
        "filename": "args\\rag_config.yaml",
        "hashed_secret": "001edb2266608f27ee333b4bb5f265553682eb0a",
        "is_verified": false,
        "line_number": 117
      },
      {
        "type": "Secret Keyword",
        "filename": "args\\rag_config.yaml",
        "hashed_secret": "07c0d0dde2b26b0deb345fa13e4c806b84e45d8a",
        "is_verified": false,
        "line_number": 120
      }
    ],
    "args\\remote_gateway_config.yaml": [
      {
        "type": "Secret Keyword",
        "filename": "args\\remote_gateway_config.yaml",
        "hashed_secret": "d191376fdbc9690897937ab5d7ba0157716affc9",
        "is_verified": false,
        "line_number": 102
      }
    ],
    "context\\ci\\worktree_templates.json": [
      {
        "type": "Secret Keyword",
        "filename": "context\\ci\\worktree_templates.json",
        "hashed_secret": "650d789724b8e5127a3fa022cc65160db449fc0f",
        "is_verified": false,
        "line_number": 31
      }
    ],
    "context\\cloud\\csp_service_registry.json": [
      {
        "type": "Secret Keyword",
        "filename": "context\\cloud\\csp_service_registry.json",
        "hashed_secret": "41cb4dceff9ec46c08994abc3f1bcc0bc59f5dfa",
        "is_verified": false,
        "line_number": 14
      }
    ],
    "context\\compliance\\fedramp_high_baseline.json": [
      {
        "type": "Secret Keyword",
        "filename": "context\\compliance\\fedramp_high_baseline.json",
        "hashed_secret": "1cc958a68ef03ab0a9f77f20a5fd294babe93a25",
        "is_verified": false,
        "line_number": 2019
      },
      {
        "type": "Secret Keyword",
        "filename": "context\\compliance\\fedramp_high_baseline.json",
        "hashed_secret": "eebee96e76a7041c5b5fcfd8c88011536f6bbe89",
        "is_verified": false,
        "line_number": 2020
      },
      {
        "type": "Secret Keyword",
        "filename": "context\\compliance\\fedramp_high_baseline.json",
        "hashed_secret": "132a8a00dde872045d4532c6c2fc1570a4e8476b",
        "is_verified": false,
        "line_number": 2021
      }
    ],
    "context\\compliance\\fedramp_moderate_baseline.json": [
      {
        "type": "Secret Keyword",
        "filename": "context\\compliance\\fedramp_moderate_baseline.json",
        "hashed_secret": "c38cd44289003af3547938873ae0b46252cac37d",
        "is_verified": false,
        "line_number": 1109
      },
      {
        "type": "Secret Keyword",
        "filename": "context\\compliance\\fedramp_moderate_baseline.json",
        "hashed_secret": "4befea7f910cce290599f66f1bd1ec74d38739d7",
        "is_verified": false,
        "line_number": 1110
      },
      {
        "type": "Secret Keyword",
        "filename": "context\\compliance\\fedramp_moderate_baseline.json",
        "hashed_secret": "9a5d1e258d6e96b313d7d53aea3a33eafc34eed0",
        "is_verified": false,
        "line_number": 1111
      }
    ],
    "context\\languages\\framework_patterns.json": [
      {
        "type": "Secret Keyword",
        "filename": "context\\languages\\framework_patterns.json",
        "hashed_secret": "3c2ae4bf3ee04c18976cbbe260adb8a5a966fdab",
        "is_verified": false,
        "line_number": 34
      }
    ],
    "context\\profiles\\dod_baseline_v1.yaml": [
      {
        "type": "Secret Keyword",
        "filename": "context\\profiles\\dod_baseline_v1.yaml",
        "hashed_secret": "7908287c392e8c51b7e27c5e61ed3c257ad70a7f",
        "is_verified": false,
        "line_number": 85
      }
    ],
    "context\\profiles\\fedramp_baseline_v1.yaml": [
      {
        "type": "Secret Keyword",
        "filename": "context\\profiles\\fedramp_baseline_v1.yaml",
        "hashed_secret": "7908287c392e8c51b7e27c5e61ed3c257ad70a7f",
        "is_verified": false,
        "line_number": 83
      }
    ],
    "context\\profiles\\financial_baseline_v1.yaml": [
      {
        "type": "Secret Keyword",
        "filename": "context\\profiles\\financial_baseline_v1.yaml",
        "hashed_secret": "6b9e1cd5783daa3074be0176b3563a60c32b24da",
        "is_verified": false,
        "line_number": 82
      }
    ],
    "context\\profiles\\healthcare_baseline_v1.yaml": [
      {
        "type": "Secret Keyword",
        "filename": "context\\profiles\\healthcare_baseline_v1.yaml",
        "hashed_secret": "7908287c392e8c51b7e27c5e61ed3c257ad70a7f",
        "is_verified": false,
        "line_number": 76
      }
    ],
    "context\\profiles\\law_enforcement_v1.yaml": [
      {
        "type": "Secret Keyword",
        "filename": "context\\profiles\\law_enforcement_v1.yaml",
        "hashed_secret": "7908287c392e8c51b7e27c5e61ed3c257ad70a7f",
        "is_verified": false,
        "line_number": 71
      }
    ],
    "context\\profiles\\startup_v1.yaml": [
      {
        "type": "Secret Keyword",
        "filename": "context\\profiles\\startup_v1.yaml",
        "hashed_secret": "f6dac38b15716954e0f467afcd1af362b243d74e",
        "is_verified": false,
        "line_number": 75
      }
    ],
    "data\\genesis\\exports\\gkp-016e5c7f36.gkp.json": [
      {
        "type": "Hex High Entropy String",
        "filename": "data\\genesis\\exports\\gkp-016e5c7f36.gkp.json",
        "hashed_secret": "8c248f612cf66fd38090883b2ef020bf4b459a01",
        "is_verified": false,
        "line_number": 19
      }
    ],
    "data\\genesis\\exports\\gkp-01f7dfb154.gkp.json": [
      {
        "type": "Hex High Entropy String",
        "filename": "data\\genesis\\exports\\gkp-01f7dfb154.gkp.json",
        "hashed_secret": "6a8a2000401a3c723403918c51318bf95f928cce",
        "is_verified": false,
        "line_number": 19
      }
    ],
    "data\\genesis\\exports\\gkp-0276b5df70.gkp.json": [
      {
        "type": "Hex High Entropy String",
        "filename": "data\\genesis\\exports\\gkp-0276b5df70.gkp.json",
        "hashed_secret": "f3c3ee5399b0ac3e420ed07bf44e75c86e7154dd",
        "is_verified": false,
        "line_number": 19
      }
    ],
    "data\\genesis\\exports\\gkp-08677168de.gkp.json": [
      {
        "type": "Hex High Entropy String",
        "filename": "data\\genesis\\exports\\gkp-08677168de.gkp.json",
        "hashed_secret": "f3c3ee5399b0ac3e420ed07bf44e75c86e7154dd",
        "is_verified": false,
        "line_number": 19
      }
    ],
    "data\\genesis\\exports\\gkp-18291ac341.gkp.json": [
      {
        "type": "Hex High Entropy String",
        "filename": "data\\genesis\\exports\\gkp-18291ac341.gkp.json",
        "hashed_secret": "1d190aed1446e0ad8c8d9a1a7b2c99e40909b20a",
        "is_verified": false,
        "line_number": 19
      }
    ],
    "data\\genesis\\exports\\gkp-1d4dfe0971.gkp.json": [
      {
        "type": "Hex High Entropy String",
        "filename": "data\\genesis\\exports\\gkp-1d4dfe0971.gkp.json",
        "hashed_secret": "235750d1126e4f023a99bafe58e9aeb03b870647",
        "is_verified": false,
        "line_number": 19
      }
    ],
    "data\\genesis\\exports\\gkp-214e19157d.gkp.json": [
      {
        "type": "Hex High Entropy String",
        "filename": "data\\genesis\\exports\\gkp-214e19157d.gkp.json",
        "hashed_secret": "5eb99370ddd52f6ea552317ac08903f8ec192a37",
        "is_verified": false,
        "line_number": 19
      }
    ],
    "data\\genesis\\exports\\gkp-22ef75387a.gkp.json": [
      {
        "type": "Hex High Entropy String",
        "filename": "data\\genesis\\exports\\gkp-22ef75387a.gkp.json",
        "hashed_secret": "fb2343bf26c1b02b0713c8103f1ce7fd025f6721",
        "is_verified": false,
        "line_number": 19
      }
    ],
    "data\\genesis\\exports\\gkp-26ceea6bd2.gkp.json": [
      {
        "type": "Hex High Entropy String",
        "filename": "data\\genesis\\exports\\gkp-26ceea6bd2.gkp.json",
        "hashed_secret": "1d190aed1446e0ad8c8d9a1a7b2c99e40909b20a",
        "is_verified": false,
        "line_number": 19
      }
    ],
    "data\\genesis\\exports\\gkp-278f92b41f.gkp.json": [
      {
        "type": "Hex High Entropy String",
        "filename": "data\\genesis\\exports\\gkp-278f92b41f.gkp.json",
        "hashed_secret": "33fea72c2808ff95b5e2486134061a2641a44815",
        "is_verified": false,
        "line_number": 19
      }
    ],
    "data\\genesis\\exports\\gkp-2978de0f79.gkp.json": [
      {
        "type": "Hex High Entropy String",
        "filename": "data\\genesis\\exports\\gkp-2978de0f79.gkp.json",
        "hashed_secret": "b31ec904c79897a959d29936796c500cdf619e12",
        "is_verified": false,
        "line_number": 19
      }
    ],
    "data\\genesis\\exports\\gkp-2dc551924a.gkp.json": [
      {
        "type": "Hex High Entropy String",
        "filename": "data\\genesis\\exports\\gkp-2dc551924a.gkp.json",
        "hashed_secret": "de2e1466deba854e981092d76560d86dbcf9a3f9",
        "is_verified": false,
        "line_number": 19
      }
    ],
    "data\\genesis\\exports\\gkp-332776ae07.gkp.json": [
      {
        "type": "Hex High Entropy String",
        "filename": "data\\genesis\\exports\\gkp-332776ae07.gkp.json",
        "hashed_secret": "4ef4379f95e87ef28a02be388aae3bca7609441e",
        "is_verified": false,
        "line_number": 19
      }
    ],
    "data\\genesis\\exports\\gkp-3768c44c79.gkp.json": [
      {
        "type": "Hex High Entropy String",
        "filename": "data\\genesis\\exports\\gkp-3768c44c79.gkp.json",
        "hashed_secret": "62d42582afdfe41842165fc96683f55be8ecc9dc",
        "is_verified": false,
        "line_number": 19
      }
    ],
    "data\\genesis\\exports\\gkp-398bb9ab28.gkp.json": [
      {
        "type": "Hex High Entropy String",
        "filename": "data\\genesis\\exports\\gkp-398bb9ab28.gkp.json",
        "hashed_secret": "e10e6ef362b12ade9feb701a4ab12db4908cef6b",
        "is_verified": false,
        "line_number": 19
      }
    ],
    "data\\genesis\\exports\\gkp-3a91ccf10f.gkp.json": [
      {
        "type": "Hex High Entropy String",
        "filename": "data\\genesis\\exports\\gkp-3a91ccf10f.gkp.json",
        "hashed_secret": "be70611e6d0d93b137115340acae4c3484e87ab2",
        "is_verified": false,
        "line_number": 19
      }
    ],
    "data\\genesis\\exports\\gkp-3b629987f9.gkp.json": [
      {
        "type": "Hex High Entropy String",
        "filename": "data\\genesis\\exports\\gkp-3b629987f9.gkp.json",
        "hashed_secret": "170614f0bbe84ac6a796872e358cf8b4f83b2f9f",
        "is_verified": false,
        "line_number": 17
      }
    ],
    "data\\genesis\\exports\\gkp-43b64f8fa3.gkp.json": [
      {
        "type": "Hex High Entropy String",
        "filename": "data\\genesis\\exports\\gkp-43b64f8fa3.gkp.json",
        "hashed_secret": "80a03de05ff5669224da43fe9a6113d429570e58",
        "is_verified": false,
        "line_number": 19
      }
    ],
    "data\\genesis\\exports\\gkp-4538c471b9.gkp.json": [
      {
        "type": "Hex High Entropy String",
        "filename": "data\\genesis\\exports\\gkp-4538c471b9.gkp.json",
        "hashed_secret": "dbc2d636879c49d11eaef6d4f9414b4d7906a7f4",
        "is_verified": false,
        "line_number": 19
      }
    ],
    "data\\genesis\\exports\\gkp-4edf90453c.gkp.json": [
      {
        "type": "Hex High Entropy String",
        "filename": "data\\genesis\\exports\\gkp-4edf90453c.gkp.json",
        "hashed_secret": "48ae5511160231fae2e55f34724c09ae3f3c4d11",
        "is_verified": false,
        "line_number": 13
      }
    ],
    "data\\genesis\\exports\\gkp-521a05eb31.gkp.json": [
      {
        "type": "Hex High Entropy String",
        "filename": "data\\genesis\\exports\\gkp-521a05eb31.gkp.json",
        "hashed_secret": "7a5efe6f304135a0f5f1199714990203b5167723",
        "is_verified": false,
        "line_number": 19
      }
    ],
    "data\\genesis\\exports\\gkp-53f0d3c6aa.gkp.json": [
      {
        "type": "Hex High Entropy String",
        "filename": "data\\genesis\\exports\\gkp-53f0d3c6aa.gkp.json",
        "hashed_secret": "d398e1cb1b2e1c8dc03011b0d79a0e8ad3a7d193",
        "is_verified": false,
        "line_number": 19
      }
    ],
    "data\\genesis\\exports\\gkp-568f425653.gkp.json": [
      {
        "type": "Hex High Entropy String",
        "filename": "data\\genesis\\exports\\gkp-568f425653.gkp.json",
        "hashed_secret": "59044594c48e2a456e36a613195c0ac9ad5b01be",
        "is_verified": false,
        "line_number": 19
      }
    ],
    "data\\genesis\\exports\\gkp-57686cb861.gkp.json": [
      {
        "type": "Hex High Entropy String",
        "filename": "data\\genesis\\exports\\gkp-57686cb861.gkp.json",
        "hashed_secret": "be70611e6d0d93b137115340acae4c3484e87ab2",
        "is_verified": false,
        "line_number": 19
      }
    ],
    "data\\genesis\\exports\\gkp-58bfeb612f.gkp.json": [
      {
        "type": "Hex High Entropy String",
        "filename": "data\\genesis\\exports\\gkp-58bfeb612f.gkp.json",
        "hashed_secret": "861f809b4b61aeb5b8776ef7029d1441f30c60e9",
        "is_verified": false,
        "line_number": 19
      }
    ],
    "data\\genesis\\exports\\gkp-5c02619055.gkp.json": [
      {
        "type": "Hex High Entropy String",
        "filename": "data\\genesis\\exports\\gkp-5c02619055.gkp.json",
        "hashed_secret": "e10e6ef362b12ade9feb701a4ab12db4908cef6b",
        "is_verified": false,
        "line_number": 19
      }
    ],
    "data\\genesis\\exports\\gkp-60ce3285a4.gkp.json": [
      {
        "type": "Hex High Entropy String",
        "filename": "data\\genesis\\exports\\gkp-60ce3285a4.gkp.json",
        "hashed_secret": "62d42582afdfe41842165fc96683f55be8ecc9dc",
        "is_verified": false,
        "line_number": 19
      }
    ],
    "data\\genesis\\exports\\gkp-66325b5ae7.gkp.json": [
      {
        "type": "Hex High Entropy String",
        "filename": "data\\genesis\\exports\\gkp-66325b5ae7.gkp.json",
        "hashed_secret": "1024de077dc0bec65db34b75b45e81e838af755e",
        "is_verified": false,
        "line_number": 19
      }
    ],
    "data\\genesis\\exports\\gkp-66dd157e97.gkp.json": [
      {
        "type": "Hex High Entropy String",
        "filename": "data\\genesis\\exports\\gkp-66dd157e97.gkp.json",
        "hashed_secret": "d1593ac624dc8e68c9d62778d3094b5627cfe9fb",
        "is_verified": false,
        "line_number": 19
      }
    ],
    "data\\genesis\\exports\\gkp-6b9de69e7c.gkp.json": [
      {
        "type": "Hex High Entropy String",
        "filename": "data\\genesis\\exports\\gkp-6b9de69e7c.gkp.json",
        "hashed_secret": "a359bbdcc52aeec6f71e28098db81d54b32682d4",
        "is_verified": false,
        "line_number": 19
      }
    ],
    "data\\genesis\\exports\\gkp-6f646ad930.gkp.json": [
      {
        "type": "Hex High Entropy String",
        "filename": "data\\genesis\\exports\\gkp-6f646ad930.gkp.json",
        "hashed_secret": "80d1216fb5afb7a2f5b14df43d57f845d67f2070",
        "is_verified": false,
        "line_number": 19
      }
    ],
    "data\\genesis\\exports\\gkp-72e6d46c3a.gkp.json": [
      {
        "type": "Hex High Entropy String",
        "filename": "data\\genesis\\exports\\gkp-72e6d46c3a.gkp.json",
        "hashed_secret": "9684d99b10e5816f08b4263d096cde3b25e100da",
        "is_verified": false,
        "line_number": 19
      }
    ],
    "data\\genesis\\exports\\gkp-7fb9d79899.gkp.json": [
      {
        "type": "Hex High Entropy String",
        "filename": "data\\genesis\\exports\\gkp-7fb9d79899.gkp.json",
        "hashed_secret": "3680daf9e3243f346f3052fea7d0715cf0b17e37",
        "is_verified": false,
        "line_number": 19
      }
    ],
    "data\\genesis\\exports\\gkp-84e7a0b11c.gkp.json": [
      {
        "type": "Hex High Entropy String",
        "filename": "data\\genesis\\exports\\gkp-84e7a0b11c.gkp.json",
        "hashed_secret": "919ee8cf753eec08f201582feba05f18de5ad8d9",
        "is_verified": false,
        "line_number": 19
      }
    ],
    "data\\genesis\\exports\\gkp-92906f3bc5.gkp.json": [
      {
        "type": "Hex High Entropy String",
        "filename": "data\\genesis\\exports\\gkp-92906f3bc5.gkp.json",
        "hashed_secret": "8fd9464297e6d9a68b9e1590909955a6085c6a80",
        "is_verified": false,
        "line_number": 19
      }
    ],
    "data\\genesis\\exports\\gkp-a03b41d582.gkp.json": [
      {
        "type": "Hex High Entropy String",
        "filename": "data\\genesis\\exports\\gkp-a03b41d582.gkp.json",
        "hashed_secret": "3680daf9e3243f346f3052fea7d0715cf0b17e37",
        "is_verified": false,
        "line_number": 19
      }
    ],
    "data\\genesis\\exports\\gkp-a346d653e4.gkp.json": [
      {
        "type": "Hex High Entropy String",
        "filename": "data\\genesis\\exports\\gkp-a346d653e4.gkp.json",
        "hashed_secret": "b31ec904c79897a959d29936796c500cdf619e12",
        "is_verified": false,
        "line_number": 19
      }
    ],
    "data\\genesis\\exports\\gkp-b127b229a2.gkp.json": [
      {
        "type": "Hex High Entropy String",
        "filename": "data\\genesis\\exports\\gkp-b127b229a2.gkp.json",
        "hashed_secret": "1024de077dc0bec65db34b75b45e81e838af755e",
        "is_verified": false,
        "line_number": 19
      }
    ],
    "data\\genesis\\exports\\gkp-be1103fdaa.gkp.json": [
      {
        "type": "Hex High Entropy String",
        "filename": "data\\genesis\\exports\\gkp-be1103fdaa.gkp.json",
        "hashed_secret": "861f809b4b61aeb5b8776ef7029d1441f30c60e9",
        "is_verified": false,
        "line_number": 19
      }
    ],
    "data\\genesis\\exports\\gkp-c153db30f0.gkp.json": [
      {
        "type": "Hex High Entropy String",
        "filename": "data\\genesis\\exports\\gkp-c153db30f0.gkp.json",
        "hashed_secret": "7a5efe6f304135a0f5f1199714990203b5167723",
        "is_verified": false,
        "line_number": 19
      }
    ],
    "data\\genesis\\exports\\gkp-c3196a3fd1.gkp.json": [
      {
        "type": "Hex High Entropy String",
        "filename": "data\\genesis\\exports\\gkp-c3196a3fd1.gkp.json",
        "hashed_secret": "de2e1466deba854e981092d76560d86dbcf9a3f9",
        "is_verified": false,
        "line_number": 19
      }
    ],
    "data\\genesis\\exports\\gkp-c44a818f9c.gkp.json": [
      {
        "type": "Hex High Entropy String",
        "filename": "data\\genesis\\exports\\gkp-c44a818f9c.gkp.json",
        "hashed_secret": "4a64358f3f5837499db5ebcdd24ad3be35e86dc7",
        "is_verified": false,
        "line_number": 19
      }
    ],
    "data\\genesis\\exports\\gkp-c62adbfe7a.gkp.json": [
      {
        "type": "Hex High Entropy String",
        "filename": "data\\genesis\\exports\\gkp-c62adbfe7a.gkp.json",
        "hashed_secret": "919ee8cf753eec08f201582feba05f18de5ad8d9",
        "is_verified": false,
        "line_number": 19
      }
    ],
    "data\\genesis\\exports\\gkp-c7a1277612.gkp.json": [
      {
        "type": "Hex High Entropy String",
        "filename": "data\\genesis\\exports\\gkp-c7a1277612.gkp.json",
        "hashed_secret": "4a64358f3f5837499db5ebcdd24ad3be35e86dc7",
        "is_verified": false,
        "line_number": 19
      }
    ],
    "data\\genesis\\exports\\gkp-c9256d9aca.gkp.json": [
      {
        "type": "Hex High Entropy String",
        "filename": "data\\genesis\\exports\\gkp-c9256d9aca.gkp.json",
        "hashed_secret": "4ef4379f95e87ef28a02be388aae3bca7609441e",
        "is_verified": false,
        "line_number": 19
      }
    ],
    "data\\genesis\\exports\\gkp-cc211563d0.gkp.json": [
      {
        "type": "Hex High Entropy String",
        "filename": "data\\genesis\\exports\\gkp-cc211563d0.gkp.json",
        "hashed_secret": "5eb99370ddd52f6ea552317ac08903f8ec192a37",
        "is_verified": false,
        "line_number": 19
      }
    ],
    "data\\genesis\\exports\\gkp-ccd3889ba0.gkp.json": [
      {
        "type": "Hex High Entropy String",
        "filename": "data\\genesis\\exports\\gkp-ccd3889ba0.gkp.json",
        "hashed_secret": "80a03de05ff5669224da43fe9a6113d429570e58",
        "is_verified": false,
        "line_number": 19
      }
    ],
    "data\\genesis\\exports\\gkp-cdb5ef6e98.gkp.json": [
      {
        "type": "Hex High Entropy String",
        "filename": "data\\genesis\\exports\\gkp-cdb5ef6e98.gkp.json",
        "hashed_secret": "33fea72c2808ff95b5e2486134061a2641a44815",
        "is_verified": false,
        "line_number": 19
      }
    ],
    "data\\genesis\\exports\\gkp-dc58993a96.gkp.json": [
      {
        "type": "Hex High Entropy String",
        "filename": "data\\genesis\\exports\\gkp-dc58993a96.gkp.json",
        "hashed_secret": "235750d1126e4f023a99bafe58e9aeb03b870647",
        "is_verified": false,
        "line_number": 19
      }
    ],
    "data\\genesis\\exports\\gkp-ddc9f266c2.gkp.json": [
      {
        "type": "Hex High Entropy String",
        "filename": "data\\genesis\\exports\\gkp-ddc9f266c2.gkp.json",
        "hashed_secret": "59044594c48e2a456e36a613195c0ac9ad5b01be",
        "is_verified": false,
        "line_number": 19
      }
    ],
    "data\\genesis\\exports\\gkp-de4b178a46.gkp.json": [
      {
        "type": "Hex High Entropy String",
        "filename": "data\\genesis\\exports\\gkp-de4b178a46.gkp.json",
        "hashed_secret": "fb2343bf26c1b02b0713c8103f1ce7fd025f6721",
        "is_verified": false,
        "line_number": 19
      }
    ],
    "data\\genesis\\exports\\gkp-f501cdc2d1.gkp.json": [
      {
        "type": "Hex High Entropy String",
        "filename": "data\\genesis\\exports\\gkp-f501cdc2d1.gkp.json",
        "hashed_secret": "9684d99b10e5816f08b4263d096cde3b25e100da",
        "is_verified": false,
        "line_number": 19
      }
    ],
    "data\\genesis\\exports\\gkp-f59af849ea.gkp.json": [
      {
        "type": "Hex High Entropy String",
        "filename": "data\\genesis\\exports\\gkp-f59af849ea.gkp.json",
        "hashed_secret": "49cd5816eacb8f013eaf81176750660f7602018b",
        "is_verified": false,
        "line_number": 13
      }
    ],
    "data\\genesis\\exports\\gkp-f62e787b8f.gkp.json": [
      {
        "type": "Hex High Entropy String",
        "filename": "data\\genesis\\exports\\gkp-f62e787b8f.gkp.json",
        "hashed_secret": "d398e1cb1b2e1c8dc03011b0d79a0e8ad3a7d193",
        "is_verified": false,
        "line_number": 19
      }
    ],
    "data\\genesis\\exports\\gkp-f653bbb7ca.gkp.json": [
      {
        "type": "Hex High Entropy String",
        "filename": "data\\genesis\\exports\\gkp-f653bbb7ca.gkp.json",
        "hashed_secret": "6a8a2000401a3c723403918c51318bf95f928cce",
        "is_verified": false,
        "line_number": 19
      }
    ],
    "data\\genesis\\exports\\gkp-f7e44a3831.gkp.json": [
      {
        "type": "Hex High Entropy String",
        "filename": "data\\genesis\\exports\\gkp-f7e44a3831.gkp.json",
        "hashed_secret": "b6ccbd2138da93d85e6d0f25fb5c8ef813057dd7",
        "is_verified": false,
        "line_number": 19
      }
    ],
    "data\\genesis\\exports\\gkp-f96c596755.gkp.json": [
      {
        "type": "Hex High Entropy String",
        "filename": "data\\genesis\\exports\\gkp-f96c596755.gkp.json",
        "hashed_secret": "a359bbdcc52aeec6f71e28098db81d54b32682d4",
        "is_verified": false,
        "line_number": 19
      }
    ],
    "data\\genesis\\exports\\gkp-fcbf9bae77.gkp.json": [
      {
        "type": "Hex High Entropy String",
        "filename": "data\\genesis\\exports\\gkp-fcbf9bae77.gkp.json",
        "hashed_secret": "80d1216fb5afb7a2f5b14df43d57f845d67f2070",
        "is_verified": false,
        "line_number": 19
      }
    ],
    "data\\genesis\\exports\\gkp-fd76771d99.gkp.json": [
      {
        "type": "Hex High Entropy String",
        "filename": "data\\genesis\\exports\\gkp-fd76771d99.gkp.json",
        "hashed_secret": "b6ccbd2138da93d85e6d0f25fb5c8ef813057dd7",
        "is_verified": false,
        "line_number": 19
      }
    ],
    "data\\genesis\\exports\\gkp-fdadb26f9c.gkp.json": [
      {
        "type": "Hex High Entropy String",
        "filename": "data\\genesis\\exports\\gkp-fdadb26f9c.gkp.json",
        "hashed_secret": "dbc2d636879c49d11eaef6d4f9414b4d7906a7f4",
        "is_verified": false,
        "line_number": 19
      }
    ],
    "data\\genesis\\exports\\gkp-feb1ae73f6.gkp.json": [
      {
        "type": "Hex High Entropy String",
        "filename": "data\\genesis\\exports\\gkp-feb1ae73f6.gkp.json",
        "hashed_secret": "8c248f612cf66fd38090883b2ef020bf4b459a01",
        "is_verified": false,
        "line_number": 19
      }
    ],
    "data\\genesis\\exports\\gkp-fef4be372f.gkp.json": [
      {
        "type": "Hex High Entropy String",
        "filename": "data\\genesis\\exports\\gkp-fef4be372f.gkp.json",
        "hashed_secret": "8fd9464297e6d9a68b9e1590909955a6085c6a80",
        "is_verified": false,
        "line_number": 19
      }
    ],
    "data\\genesis\\exports\\gkp-ff9c5c98c2.gkp.json": [
      {
        "type": "Hex High Entropy String",
        "filename": "data\\genesis\\exports\\gkp-ff9c5c98c2.gkp.json",
        "hashed_secret": "d1593ac624dc8e68c9d62778d3094b5627cfe9fb",
        "is_verified": false,
        "line_number": 19
      }
    ],
    "deploy\\helm\\values-aws.yaml": [
      {
        "type": "Secret Keyword",
        "filename": "deploy\\helm\\values-aws.yaml",
        "hashed_secret": "1001c1baa8c3431aac84730203a4456d8d0a4f21",
        "is_verified": false,
        "line_number": 22
      }
    ],
    "deploy\\helm\\values.yaml": [
      {
        "type": "Secret Keyword",
        "filename": "deploy\\helm\\values.yaml",
        "hashed_secret": "c2bb049a70d8853ef471657bfb9425fc854d537f",
        "is_verified": false,
        "line_number": 306
      },
      {
        "type": "Secret Keyword",
        "filename": "deploy\\helm\\values.yaml",
        "hashed_secret": "fbcbafc59dda746883b1c1ed264ed68715335b93",
        "is_verified": false,
        "line_number": 313
      }
    ],
    "deploy\\offline\\README.md": [
      {
        "type": "Secret Keyword",
        "filename": "deploy\\offline\\README.md",
        "hashed_secret": "923756b56e08735fe781bebe3427716920b33e0c",
        "is_verified": false,
        "line_number": 194
      }
    ],
    "docs\\admin\\gateway-guide.md": [
      {
        "type": "Secret Keyword",
        "filename": "docs\\admin\\gateway-guide.md",
        "hashed_secret": "f646516cfe8b50dec3530bdae5585891e254d87d",
        "is_verified": false,
        "line_number": 93
      },
      {
        "type": "Secret Keyword",
        "filename": "docs\\admin\\gateway-guide.md",
        "hashed_secret": "4850bda205aed3dcd978c20fb271151586233d4d",
        "is_verified": false,
        "line_number": 101
      },
      {
        "type": "Secret Keyword",
        "filename": "docs\\admin\\gateway-guide.md",
        "hashed_secret": "4afddf34a8a65d351bebe45a777e7cfd564969b9",
        "is_verified": false,
        "line_number": 109
      },
      {
        "type": "Secret Keyword",
        "filename": "docs\\admin\\gateway-guide.md",
        "hashed_secret": "95d5cfaeefa0d9a90ce80f678fdd3666a63c740d",
        "is_verified": false,
        "line_number": 118
      }
    ],
    "docs\\dx\\llm-routing-guide.md": [
      {
        "type": "Secret Keyword",
        "filename": "docs\\dx\\llm-routing-guide.md",
        "hashed_secret": "c7a8c334eef5d1749fface7d42c66f9ae5e8cf36",
        "is_verified": false,
        "line_number": 62
      },
      {
        "type": "Secret Keyword",
        "filename": "docs\\dx\\llm-routing-guide.md",
        "hashed_secret": "ec3810e10fb78db55ce38b9c18d1c3eb1db739e0",
        "is_verified": false,
        "line_number": 63
      },
      {
        "type": "Secret Keyword",
        "filename": "docs\\dx\\llm-routing-guide.md",
        "hashed_secret": "1ccebc9638f47c80fc388173e346b2fa51178cca",
        "is_verified": false,
        "line_number": 64
      }
    ],
    "icdev\\data\\args\\cicd_config.yaml": [
      {
        "type": "Secret Keyword",
        "filename": "icdev\\data\\args\\cicd_config.yaml",
        "hashed_secret": "42178b4f15f8605509c23b5191583b95367f754b",
        "is_verified": false,
        "line_number": 33
      },
      {
        "type": "Secret Keyword",
        "filename": "icdev\\data\\args\\cicd_config.yaml",
        "hashed_secret": "f98ab114c54ab91ae9ead420cedc92e30acc6f89",
        "is_verified": false,
        "line_number": 34
      },
      {
        "type": "Secret Keyword",
        "filename": "icdev\\data\\args\\cicd_config.yaml",
        "hashed_secret": "1f72cf78706b2a956e86e36dd65b11312032fad1",
        "is_verified": false,
        "line_number": 41
      },
      {
        "type": "Secret Keyword",
        "filename": "icdev\\data\\args\\cicd_config.yaml",
        "hashed_secret": "82687c32bc9604cb3bd6c7bcf243cd120cf900ac",
        "is_verified": false,
        "line_number": 42
      }
    ],
    "icdev\\data\\args\\cli_config.yaml": [
      {
        "type": "Secret Keyword",
        "filename": "icdev\\data\\args\\cli_config.yaml",
        "hashed_secret": "b8980dab3d25652a2039a8ff3aac48e0b36f2142",
        "is_verified": false,
        "line_number": 108
      }
    ],
    "icdev\\data\\args\\llm_config.yaml": [
      {
        "type": "Secret Keyword",
        "filename": "icdev\\data\\args\\llm_config.yaml",
        "hashed_secret": "f8ca0d7266886f4b5be9adddc9b66017b3bf1a4b",
        "is_verified": false,
        "line_number": 17
      },
      {
        "type": "Secret Keyword",
        "filename": "icdev\\data\\args\\llm_config.yaml",
        "hashed_secret": "02ecb94373bfb3dfe827ca18409f50b016e8302a",
        "is_verified": false,
        "line_number": 22
      },
      {
        "type": "Secret Keyword",
        "filename": "icdev\\data\\args\\llm_config.yaml",
        "hashed_secret": "1db4aba2bc9d400d5e75f5473ff811cd819a436d",
        "is_verified": false,
        "line_number": 31
      },
      {
        "type": "Secret Keyword",
        "filename": "icdev\\data\\args\\llm_config.yaml",
        "hashed_secret": "5b924ca5330ede58702a5b0e414207b90fb1aef3",
        "is_verified": false,
        "line_number": 36
      },
      {
        "type": "Secret Keyword",
        "filename": "icdev\\data\\args\\llm_config.yaml",
        "hashed_secret": "175b240fc77d90b22e4883c9e5f70ae1aef79e0c",
        "is_verified": false,
        "line_number": 40
      }
    ],
    "icdev\\data\\args\\observability_config.yaml": [
      {
        "type": "Secret Keyword",
        "filename": "icdev\\data\\args\\observability_config.yaml",
        "hashed_secret": "a2e80b773ed1f576ea4bb59b83fe132b09055daa",
        "is_verified": false,
        "line_number": 7
      }
    ],
    "icdev\\data\\args\\owasp_agentic_config.yaml": [
      {
        "type": "Private Key",
        "filename": "icdev\\data\\args\\owasp_agentic_config.yaml",
        "hashed_secret": "27c6929aef41ae2bcadac15ca6abcaff72cda9cd",
        "is_verified": false,
        "line_number": 76
      },
      {
        "type": "Private Key",
        "filename": "icdev\\data\\args\\owasp_agentic_config.yaml",
        "hashed_secret": "be4fc4886bd949b369d5e092eb87494f12e57e5b",
        "is_verified": false,
        "line_number": 76
      },
      {
        "type": "Private Key",
        "filename": "icdev\\data\\args\\owasp_agentic_config.yaml",
        "hashed_secret": "f0778f3e140a61d5bbbed5430773e52af2f5fba4",
        "is_verified": false,
        "line_number": 76
      }
    ],
    "icdev\\data\\args\\project_defaults.yaml": [
      {
        "type": "Secret Keyword",
        "filename": "icdev\\data\\args\\project_defaults.yaml",
        "hashed_secret": "3c2ae4bf3ee04c18976cbbe260adb8a5a966fdab",
        "is_verified": false,
        "line_number": 42
      },
      {
        "type": "Secret Keyword",
        "filename": "icdev\\data\\args\\project_defaults.yaml",
        "hashed_secret": "fee0ab3e65a46ddf03b411d6396e7be62287f2b3",
        "is_verified": false,
        "line_number": 53
      },
      {
        "type": "Secret Keyword",
        "filename": "icdev\\data\\args\\project_defaults.yaml",
        "hashed_secret": "d6c63a2bf2e44ded3646470a263bc1c139facf51",
        "is_verified": false,
        "line_number": 101
      },
      {
        "type": "Secret Keyword",
        "filename": "icdev\\data\\args\\project_defaults.yaml",
        "hashed_secret": "f175eb020fd955ea935a96cadbba95a327494ec7",
        "is_verified": false,
        "line_number": 102
      },
      {
        "type": "Secret Keyword",
        "filename": "icdev\\data\\args\\project_defaults.yaml",
        "hashed_secret": "2f89acd3c0cb1c8fdecaafa8ac3c64ac8e5e31f2",
        "is_verified": false,
        "line_number": 103
      }
    ],
    "icdev\\data\\context\\ci\\worktree_templates.json": [
      {
        "type": "Secret Keyword",
        "filename": "icdev\\data\\context\\ci\\worktree_templates.json",
        "hashed_secret": "650d789724b8e5127a3fa022cc65160db449fc0f",
        "is_verified": false,
        "line_number": 31
      }
    ],
    "icdev\\data\\context\\cloud\\csp_service_registry.json": [
      {
        "type": "Secret Keyword",
        "filename": "icdev\\data\\context\\cloud\\csp_service_registry.json",
        "hashed_secret": "41cb4dceff9ec46c08994abc3f1bcc0bc59f5dfa",
        "is_verified": false,
        "line_number": 14
      }
    ],
    "icdev\\data\\context\\compliance\\fedramp_high_baseline.json": [
      {
        "type": "Secret Keyword",
        "filename": "icdev\\data\\context\\compliance\\fedramp_high_baseline.json",
        "hashed_secret": "1cc958a68ef03ab0a9f77f20a5fd294babe93a25",
        "is_verified": false,
        "line_number": 2019
      },
      {
        "type": "Secret Keyword",
        "filename": "icdev\\data\\context\\compliance\\fedramp_high_baseline.json",
        "hashed_secret": "eebee96e76a7041c5b5fcfd8c88011536f6bbe89",
        "is_verified": false,
        "line_number": 2020
      },
      {
        "type": "Secret Keyword",
        "filename": "icdev\\data\\context\\compliance\\fedramp_high_baseline.json",
        "hashed_secret": "132a8a00dde872045d4532c6c2fc1570a4e8476b",
        "is_verified": false,
        "line_number": 2021
      }
    ],
    "icdev\\data\\context\\compliance\\fedramp_moderate_baseline.json": [
      {
        "type": "Secret Keyword",
        "filename": "icdev\\data\\context\\compliance\\fedramp_moderate_baseline.json",
        "hashed_secret": "c38cd44289003af3547938873ae0b46252cac37d",
        "is_verified": false,
        "line_number": 1109
      },
      {
        "type": "Secret Keyword",
        "filename": "icdev\\data\\context\\compliance\\fedramp_moderate_baseline.json",
        "hashed_secret": "4befea7f910cce290599f66f1bd1ec74d38739d7",
        "is_verified": false,
        "line_number": 1110
      },
      {
        "type": "Secret Keyword",
        "filename": "icdev\\data\\context\\compliance\\fedramp_moderate_baseline.json",
        "hashed_secret": "9a5d1e258d6e96b313d7d53aea3a33eafc34eed0",
        "is_verified": false,
        "line_number": 1111
      }
    ],
    "icdev\\data\\context\\languages\\framework_patterns.json": [
      {
        "type": "Secret Keyword",
        "filename": "icdev\\data\\context\\languages\\framework_patterns.json",
        "hashed_secret": "3c2ae4bf3ee04c18976cbbe260adb8a5a966fdab",
        "is_verified": false,
        "line_number": 34
      }
    ],
    "icdev\\data\\context\\profiles\\dod_baseline_v1.yaml": [
      {
        "type": "Secret Keyword",
        "filename": "icdev\\data\\context\\profiles\\dod_baseline_v1.yaml",
        "hashed_secret": "7908287c392e8c51b7e27c5e61ed3c257ad70a7f",
        "is_verified": false,
        "line_number": 85
      }
    ],
    "icdev\\data\\context\\profiles\\fedramp_baseline_v1.yaml": [
      {
        "type": "Secret Keyword",
        "filename": "icdev\\data\\context\\profiles\\fedramp_baseline_v1.yaml",
        "hashed_secret": "7908287c392e8c51b7e27c5e61ed3c257ad70a7f",
        "is_verified": false,
        "line_number": 83
      }
    ],
    "icdev\\data\\context\\profiles\\financial_baseline_v1.yaml": [
      {
        "type": "Secret Keyword",
        "filename": "icdev\\data\\context\\profiles\\financial_baseline_v1.yaml",
        "hashed_secret": "6b9e1cd5783daa3074be0176b3563a60c32b24da",
        "is_verified": false,
        "line_number": 82
      }
    ],
    "icdev\\data\\context\\profiles\\healthcare_baseline_v1.yaml": [
      {
        "type": "Secret Keyword",
        "filename": "icdev\\data\\context\\profiles\\healthcare_baseline_v1.yaml",
        "hashed_secret": "7908287c392e8c51b7e27c5e61ed3c257ad70a7f",
        "is_verified": false,
        "line_number": 76
      }
    ],
    "icdev\\data\\context\\profiles\\law_enforcement_v1.yaml": [
      {
        "type": "Secret Keyword",
        "filename": "icdev\\data\\context\\profiles\\law_enforcement_v1.yaml",
        "hashed_secret": "7908287c392e8c51b7e27c5e61ed3c257ad70a7f",
        "is_verified": false,
        "line_number": 71
      }
    ],
    "icdev\\data\\context\\profiles\\startup_v1.yaml": [
      {
        "type": "Secret Keyword",
        "filename": "icdev\\data\\context\\profiles\\startup_v1.yaml",
        "hashed_secret": "f6dac38b15716954e0f467afcd1af362b243d74e",
        "is_verified": false,
        "line_number": 75
      }
    ],
    "icdev\\data\\docs\\admin\\gateway-guide.md": [
      {
        "type": "Secret Keyword",
        "filename": "icdev\\data\\docs\\admin\\gateway-guide.md",
        "hashed_secret": "f646516cfe8b50dec3530bdae5585891e254d87d",
        "is_verified": false,
        "line_number": 93
      },
      {
        "type": "Secret Keyword",
        "filename": "icdev\\data\\docs\\admin\\gateway-guide.md",
        "hashed_secret": "4850bda205aed3dcd978c20fb271151586233d4d",
        "is_verified": false,
        "line_number": 101
      },
      {
        "type": "Secret Keyword",
        "filename": "icdev\\data\\docs\\admin\\gateway-guide.md",
        "hashed_secret": "4afddf34a8a65d351bebe45a777e7cfd564969b9",
        "is_verified": false,
        "line_number": 109
      },
      {
        "type": "Secret Keyword",
        "filename": "icdev\\data\\docs\\admin\\gateway-guide.md",
        "hashed_secret": "95d5cfaeefa0d9a90ce80f678fdd3666a63c740d",
        "is_verified": false,
        "line_number": 118
      }
    ],
    "icdev\\data\\docs\\dx\\llm-routing-guide.md": [
      {
        "type": "Secret Keyword",
        "filename": "icdev\\data\\docs\\dx\\llm-routing-guide.md",
        "hashed_secret": "c7a8c334eef5d1749fface7d42c66f9ae5e8cf36",
        "is_verified": false,
        "line_number": 62
      },
      {
        "type": "Secret Keyword",
        "filename": "icdev\\data\\docs\\dx\\llm-routing-guide.md",
        "hashed_secret": "ec3810e10fb78db55ce38b9c18d1c3eb1db739e0",
        "is_verified": false,
        "line_number": 63
      },
      {
        "type": "Secret Keyword",
        "filename": "icdev\\data\\docs\\dx\\llm-routing-guide.md",
        "hashed_secret": "1ccebc9638f47c80fc388173e346b2fa51178cca",
        "is_verified": false,
        "line_number": 64
      }
    ],
    "icdev\\tools\\builder\\profile_detector.py": [
      {
        "type": "Secret Keyword",
        "filename": "icdev\\tools\\builder\\profile_detector.py",
        "hashed_secret": "3c2ae4bf3ee04c18976cbbe260adb8a5a966fdab",
        "is_verified": false,
        "line_number": 438
      }
    ],
    "icdev\\tools\\cloud\\secrets_provider.py": [
      {
        "type": "Secret Keyword",
        "filename": "icdev\\tools\\cloud\\secrets_provider.py",
        "hashed_secret": "e349674cd33923380f88b6ae67a750258a7e9a57",
        "is_verified": false,
        "line_number": 389
      }
    ],
    "icdev\\tools\\compliance\\emass\\emass_client.py": [
      {
        "type": "Secret Keyword",
        "filename": "icdev\\tools\\compliance\\emass\\emass_client.py",
        "hashed_secret": "067150653bdb6d8bb02669db8098731a8e2967e4",
        "is_verified": false,
        "line_number": 57
      },
      {
        "type": "Secret Keyword",
        "filename": "icdev\\tools\\compliance\\emass\\emass_client.py",
        "hashed_secret": "72f8abf9b65dfce36c082dfc2875560ada6adcf4",
        "is_verified": false,
        "line_number": 58
      },
      {
        "type": "Secret Keyword",
        "filename": "icdev\\tools\\compliance\\emass\\emass_client.py",
        "hashed_secret": "6406514707ce82aafbcf1b4d50de0b4d1c3667d4",
        "is_verified": false,
        "line_number": 59
      },
      {
        "type": "Secret Keyword",
        "filename": "icdev\\tools\\compliance\\emass\\emass_client.py",
        "hashed_secret": "75db0b81aba442d6211a4950bdc98b97a44b9e1a",
        "is_verified": false,
        "line_number": 60
      }
    ],
    "icdev\\tools\\compliance\\resolve_marking.py": [
      {
        "type": "Secret Keyword",
        "filename": "icdev\\tools\\compliance\\resolve_marking.py",
        "hashed_secret": "5a63a58f8d68fd8d8dc685aafe89a626036d7619",
        "is_verified": false,
        "line_number": 145
      }
    ],
    "icdev\\tools\\compliance\\swft_evidence_bundler.py": [
      {
        "type": "Secret Keyword",
        "filename": "icdev\\tools\\compliance\\swft_evidence_bundler.py",
        "hashed_secret": "232ae882d942c8ba68b0d07f77bd2371299229ec",
        "is_verified": false,
        "line_number": 266
      }
    ],
    "icdev\\tools\\compliance\\universal_classification_manager.py": [
      {
        "type": "Secret Keyword",
        "filename": "icdev\\tools\\compliance\\universal_classification_manager.py",
        "hashed_secret": "9e0567dd2b345075ac6ec10979b95be71fcb7ad9",
        "is_verified": false,
        "line_number": 78
      }
    ],
    "icdev\\tools\\compliance\\xacta\\xacta_client.py": [
      {
        "type": "Secret Keyword",
        "filename": "icdev\\tools\\compliance\\xacta\\xacta_client.py",
        "hashed_secret": "d6c63a2bf2e44ded3646470a263bc1c139facf51",
        "is_verified": false,
        "line_number": 46
      },
      {
        "type": "Secret Keyword",
        "filename": "icdev\\tools\\compliance\\xacta\\xacta_client.py",
        "hashed_secret": "f175eb020fd955ea935a96cadbba95a327494ec7",
        "is_verified": false,
        "line_number": 47
      },
      {
        "type": "Secret Keyword",
        "filename": "icdev\\tools\\compliance\\xacta\\xacta_client.py",
        "hashed_secret": "2f89acd3c0cb1c8fdecaafa8ac3c64ac8e5e31f2",
        "is_verified": false,
        "line_number": 48
      }
    ],
    "icdev\\tools\\dashboard\\api\\intake.py": [
      {
        "type": "Secret Keyword",
        "filename": "icdev\\tools\\dashboard\\api\\intake.py",
        "hashed_secret": "24227ade01f11b750b66120134fbabd753ef3880",
        "is_verified": false,
        "line_number": 855
      },
      {
        "type": "Secret Keyword",
        "filename": "icdev\\tools\\dashboard\\api\\intake.py",
        "hashed_secret": "21345367fecc9657f1d3ebf8622aa9d41e0e6a92",
        "is_verified": false,
        "line_number": 859
      }
    ],
    "icdev\\tools\\dashboard\\auth.py": [
      {
        "type": "Secret Keyword",
        "filename": "icdev\\tools\\dashboard\\auth.py",
        "hashed_secret": "5e7a1a2fa883a775640ed092672abe4239aa206f",
        "is_verified": false,
        "line_number": 40
      }
    ],
    "icdev\\tools\\db\\backup_manager.py": [
      {
        "type": "Basic Auth Credentials",
        "filename": "icdev\\tools\\db\\backup_manager.py",
        "hashed_secret": "9d4e1e23bd5b727046a9e3b4b7db57bd8d6ee684",
        "is_verified": false,
        "line_number": 254
      }
    ],
    "icdev\\tools\\devsecops\\pdp_config_generator.py": [
      {
        "type": "Secret Keyword",
        "filename": "icdev\\tools\\devsecops\\pdp_config_generator.py",
        "hashed_secret": "1e74acd6ff9779524362a5a03058cfcdda8419d6",
        "is_verified": false,
        "line_number": 261
      },
      {
        "type": "Secret Keyword",
        "filename": "icdev\\tools\\devsecops\\pdp_config_generator.py",
        "hashed_secret": "5dd82a5960c08d84e59327db0635885d4390fc28",
        "is_verified": false,
        "line_number": 283
      },
      {
        "type": "Secret Keyword",
        "filename": "icdev\\tools\\devsecops\\pdp_config_generator.py",
        "hashed_secret": "8b6d6a4aa4e96263d72d252b3983d5d92928d0a9",
        "is_verified": false,
        "line_number": 305
      },
      {
        "type": "Secret Keyword",
        "filename": "icdev\\tools\\devsecops\\pdp_config_generator.py",
        "hashed_secret": "0fd9010e01fb5107483cf5e7af2a6293f73fadb9",
        "is_verified": false,
        "line_number": 981
      },
      {
        "type": "Secret Keyword",
        "filename": "icdev\\tools\\devsecops\\pdp_config_generator.py",
        "hashed_secret": "f46dc9e49d9c9efda70a69f42665e1e8719b8900",
        "is_verified": false,
        "line_number": 1005
      },
      {
        "type": "Secret Keyword",
        "filename": "icdev\\tools\\devsecops\\pdp_config_generator.py",
        "hashed_secret": "cd3d259a576a98168d90332b0c21bb867ce62f87",
        "is_verified": false,
        "line_number": 1030
      },
      {
        "type": "Secret Keyword",
        "filename": "icdev\\tools\\devsecops\\pdp_config_generator.py",
        "hashed_secret": "accc9b4031401d2daa5d1957cbe98f736a12c24d",
        "is_verified": false,
        "line_number": 1053
      }
    ],
    "icdev\\tools\\infra\\pipeline_generator.py": [
      {
        "type": "Basic Auth Credentials",
        "filename": "icdev\\tools\\infra\\pipeline_generator.py",
        "hashed_secret": "206c80413b9a96c1312cc346b7d2517b84463edd",
        "is_verified": false,
        "line_number": 333
      }
    ],
    "icdev\\tools\\infra\\terraform_generator.py": [
      {
        "type": "Secret Keyword",
        "filename": "icdev\\tools\\infra\\terraform_generator.py",
        "hashed_secret": "64780dabb601e0e119d971b80bd608d951411d57",
        "is_verified": false,
        "line_number": 993
      }
    ],
    "icdev\\tools\\infra\\terraform_generator_oci.py": [
      {
        "type": "Secret Keyword",
        "filename": "icdev\\tools\\infra\\terraform_generator_oci.py",
        "hashed_secret": "f4c04783479e7fc3c8eb87de2904108a4e30ba88",
        "is_verified": false,
        "line_number": 741
      }
    ],
    "icdev\\tools\\llm\\embedding_provider.py": [
      {
        "type": "Secret Keyword",
        "filename": "icdev\\tools\\llm\\embedding_provider.py",
        "hashed_secret": "b5c2827eb65bf13b87130e7e3c424ba9ff07cd67",
        "is_verified": false,
        "line_number": 72
      }
    ],
    "icdev\\tools\\llm\\openai_provider.py": [
      {
        "type": "Secret Keyword",
        "filename": "icdev\\tools\\llm\\openai_provider.py",
        "hashed_secret": "b5c2827eb65bf13b87130e7e3c424ba9ff07cd67",
        "is_verified": false,
        "line_number": 67
      }
    ],
    "icdev\\tools\\security\\agent_output_validator.py": [
      {
        "type": "Private Key",
        "filename": "icdev\\tools\\security\\agent_output_validator.py",
        "hashed_secret": "27c6929aef41ae2bcadac15ca6abcaff72cda9cd",
        "is_verified": false,
        "line_number": 160
      },
      {
        "type": "Private Key",
        "filename": "icdev\\tools\\security\\agent_output_validator.py",
        "hashed_secret": "be4fc4886bd949b369d5e092eb87494f12e57e5b",
        "is_verified": false,
        "line_number": 160
      },
      {
        "type": "Private Key",
        "filename": "icdev\\tools\\security\\agent_output_validator.py",
        "hashed_secret": "f0778f3e140a61d5bbbed5430773e52af2f5fba4",
        "is_verified": false,
        "line_number": 160
      }
    ],
    "icdev\\tools\\security\\secret_detector.py": [
      {
        "type": "Private Key",
        "filename": "icdev\\tools\\security\\secret_detector.py",
        "hashed_secret": "1348b145fa1a555461c1b790a2f66614781091e9",
        "is_verified": false,
        "line_number": 248
      }
    ],
    "icdev\\tools\\testing\\health_check.py": [
      {
        "type": "Secret Keyword",
        "filename": "icdev\\tools\\testing\\health_check.py",
        "hashed_secret": "09f2abb87861de7d3d83b92877e4ebe71e4dfa1a",
        "is_verified": false,
        "line_number": 64
      },
      {
        "type": "Secret Keyword",
        "filename": "icdev\\tools\\testing\\health_check.py",
        "hashed_secret": "df62e832c97c869afa2a422df6c76f00a07de758",
        "is_verified": false,
        "line_number": 66
      }
    ],
    "intaas-saas\\scripts\\local_server.py": [
      {
        "type": "Secret Keyword",
        "filename": "intaas-saas\\scripts\\local_server.py",
        "hashed_secret": "dc724af18fbdd4e59189f5fe768a5f8311527050",
        "is_verified": false,
        "line_number": 37
      }
    ],
    "k8s\\ingress.yaml": [
      {
        "type": "Secret Keyword",
        "filename": "k8s\\ingress.yaml",
        "hashed_secret": "fbcbafc59dda746883b1c1ed264ed68715335b93",
        "is_verified": false,
        "line_number": 17
      }
    ],
    "k8s\\modernization-agent.yaml": [
      {
        "type": "Secret Keyword",
        "filename": "k8s\\modernization-agent.yaml",
        "hashed_secret": "ef0310bb3eb50f0febe6dc24cf15a2831ce45a4b",
        "is_verified": false,
        "line_number": 99
      }
    ],
    "k8s\\saas\\api-gateway-deployment.yaml": [
      {
        "type": "Secret Keyword",
        "filename": "k8s\\saas\\api-gateway-deployment.yaml",
        "hashed_secret": "bad56fca1343769248de1bec9fa134056e0bb9ac",
        "is_verified": false,
        "line_number": 111
      }
    ],
    "projects\\sparkpilot\\args\\owasp_agentic_config.yaml": [
      {
        "type": "Private Key",
        "filename": "projects\\sparkpilot\\args\\owasp_agentic_config.yaml",
        "hashed_secret": "27c6929aef41ae2bcadac15ca6abcaff72cda9cd",
        "is_verified": false,
        "line_number": 76
      },
      {
        "type": "Private Key",
        "filename": "projects\\sparkpilot\\args\\owasp_agentic_config.yaml",
        "hashed_secret": "be4fc4886bd949b369d5e092eb87494f12e57e5b",
        "is_verified": false,
        "line_number": 76
      },
      {
        "type": "Private Key",
        "filename": "projects\\sparkpilot\\args\\owasp_agentic_config.yaml",
        "hashed_secret": "f0778f3e140a61d5bbbed5430773e52af2f5fba4",
        "is_verified": false,
        "line_number": 76
      }
    ],
    "projects\\sparkpilot\\args\\project_defaults.yaml": [
      {
        "type": "Secret Keyword",
        "filename": "projects\\sparkpilot\\args\\project_defaults.yaml",
        "hashed_secret": "3c2ae4bf3ee04c18976cbbe260adb8a5a966fdab",
        "is_verified": false,
        "line_number": 42
      },
      {
        "type": "Secret Keyword",
        "filename": "projects\\sparkpilot\\args\\project_defaults.yaml",
        "hashed_secret": "fee0ab3e65a46ddf03b411d6396e7be62287f2b3",
        "is_verified": false,
        "line_number": 53
      },
      {
        "type": "Secret Keyword",
        "filename": "projects\\sparkpilot\\args\\project_defaults.yaml",
        "hashed_secret": "d6c63a2bf2e44ded3646470a263bc1c139facf51",
        "is_verified": false,
        "line_number": 101
      },
      {
        "type": "Secret Keyword",
        "filename": "projects\\sparkpilot\\args\\project_defaults.yaml",
        "hashed_secret": "f175eb020fd955ea935a96cadbba95a327494ec7",
        "is_verified": false,
        "line_number": 102
      },
      {
        "type": "Secret Keyword",
        "filename": "projects\\sparkpilot\\args\\project_defaults.yaml",
        "hashed_secret": "2f89acd3c0cb1c8fdecaafa8ac3c64ac8e5e31f2",
        "is_verified": false,
        "line_number": 103
      }
    ],
    "projects\\sparkpilot\\context\\ci\\worktree_templates.json": [
      {
        "type": "Secret Keyword",
        "filename": "projects\\sparkpilot\\context\\ci\\worktree_templates.json",
        "hashed_secret": "650d789724b8e5127a3fa022cc65160db449fc0f",
        "is_verified": false,
        "line_number": 31
      }
    ],
    "projects\\sparkpilot\\context\\cloud\\csp_service_registry.json": [
      {
        "type": "Secret Keyword",
        "filename": "projects\\sparkpilot\\context\\cloud\\csp_service_registry.json",
        "hashed_secret": "41cb4dceff9ec46c08994abc3f1bcc0bc59f5dfa",
        "is_verified": false,
        "line_number": 14
      }
    ],
    "projects\\sparkpilot\\context\\compliance\\fedramp_high_baseline.json": [
      {
        "type": "Secret Keyword",
        "filename": "projects\\sparkpilot\\context\\compliance\\fedramp_high_baseline.json",
        "hashed_secret": "1cc958a68ef03ab0a9f77f20a5fd294babe93a25",
        "is_verified": false,
        "line_number": 2019
      },
      {
        "type": "Secret Keyword",
        "filename": "projects\\sparkpilot\\context\\compliance\\fedramp_high_baseline.json",
        "hashed_secret": "eebee96e76a7041c5b5fcfd8c88011536f6bbe89",
        "is_verified": false,
        "line_number": 2020
      },
      {
        "type": "Secret Keyword",
        "filename": "projects\\sparkpilot\\context\\compliance\\fedramp_high_baseline.json",
        "hashed_secret": "132a8a00dde872045d4532c6c2fc1570a4e8476b",
        "is_verified": false,
        "line_number": 2021
      }
    ],
    "projects\\sparkpilot\\context\\compliance\\fedramp_moderate_baseline.json": [
      {
        "type": "Secret Keyword",
        "filename": "projects\\sparkpilot\\context\\compliance\\fedramp_moderate_baseline.json",
        "hashed_secret": "c38cd44289003af3547938873ae0b46252cac37d",
        "is_verified": false,
        "line_number": 1109
      },
      {
        "type": "Secret Keyword",
        "filename": "projects\\sparkpilot\\context\\compliance\\fedramp_moderate_baseline.json",
        "hashed_secret": "4befea7f910cce290599f66f1bd1ec74d38739d7",
        "is_verified": false,
        "line_number": 1110
      },
      {
        "type": "Secret Keyword",
        "filename": "projects\\sparkpilot\\context\\compliance\\fedramp_moderate_baseline.json",
        "hashed_secret": "9a5d1e258d6e96b313d7d53aea3a33eafc34eed0",
        "is_verified": false,
        "line_number": 1111
      }
    ],
    "projects\\sparkpilot\\context\\languages\\framework_patterns.json": [
      {
        "type": "Secret Keyword",
        "filename": "projects\\sparkpilot\\context\\languages\\framework_patterns.json",
        "hashed_secret": "3c2ae4bf3ee04c18976cbbe260adb8a5a966fdab",
        "is_verified": false,
        "line_number": 34
      }
    ],
    "projects\\sparkpilot\\context\\profiles\\dod_baseline_v1.yaml": [
      {
        "type": "Secret Keyword",
        "filename": "projects\\sparkpilot\\context\\profiles\\dod_baseline_v1.yaml",
        "hashed_secret": "7908287c392e8c51b7e27c5e61ed3c257ad70a7f",
        "is_verified": false,
        "line_number": 85
      }
    ],
    "projects\\sparkpilot\\context\\profiles\\fedramp_baseline_v1.yaml": [
      {
        "type": "Secret Keyword",
        "filename": "projects\\sparkpilot\\context\\profiles\\fedramp_baseline_v1.yaml",
        "hashed_secret": "7908287c392e8c51b7e27c5e61ed3c257ad70a7f",
        "is_verified": false,
        "line_number": 83
      }
    ],
    "projects\\sparkpilot\\context\\profiles\\financial_baseline_v1.yaml": [
      {
        "type": "Secret Keyword",
        "filename": "projects\\sparkpilot\\context\\profiles\\financial_baseline_v1.yaml",
        "hashed_secret": "6b9e1cd5783daa3074be0176b3563a60c32b24da",
        "is_verified": false,
        "line_number": 82
      }
    ],
    "projects\\sparkpilot\\context\\profiles\\healthcare_baseline_v1.yaml": [
      {
        "type": "Secret Keyword",
        "filename": "projects\\sparkpilot\\context\\profiles\\healthcare_baseline_v1.yaml",
        "hashed_secret": "7908287c392e8c51b7e27c5e61ed3c257ad70a7f",
        "is_verified": false,
        "line_number": 76
      }
    ],
    "projects\\sparkpilot\\context\\profiles\\law_enforcement_v1.yaml": [
      {
        "type": "Secret Keyword",
        "filename": "projects\\sparkpilot\\context\\profiles\\law_enforcement_v1.yaml",
        "hashed_secret": "7908287c392e8c51b7e27c5e61ed3c257ad70a7f",
        "is_verified": false,
        "line_number": 71
      }
    ],
    "projects\\sparkpilot\\context\\profiles\\startup_v1.yaml": [
      {
        "type": "Secret Keyword",
        "filename": "projects\\sparkpilot\\context\\profiles\\startup_v1.yaml",
        "hashed_secret": "f6dac38b15716954e0f467afcd1af362b243d74e",
        "is_verified": false,
        "line_number": 75
      }
    ],
    "projects\\sparkpilot\\data\\generation_summary.json": [
      {
        "type": "Hex High Entropy String",
        "filename": "projects\\sparkpilot\\data\\generation_summary.json",
        "hashed_secret": "b67fa408f8437eee4d75c51680b6533a91127310",
        "is_verified": false,
        "line_number": 4
      }
    ],
    "projects\\sparkpilot\\k8s\\ingress.yaml": [
      {
        "type": "Secret Keyword",
        "filename": "projects\\sparkpilot\\k8s\\ingress.yaml",
        "hashed_secret": "81ed1d321fc53cd409a760122ecbe0b6f8a2c02e",
        "is_verified": false,
        "line_number": 17
      }
    ],
    "projects\\sparkpilot\\k8s\\modernization-agent.yaml": [
      {
        "type": "Secret Keyword",
        "filename": "projects\\sparkpilot\\k8s\\modernization-agent.yaml",
        "hashed_secret": "ef0310bb3eb50f0febe6dc24cf15a2831ce45a4b",
        "is_verified": false,
        "line_number": 99
      }
    ],
    "projects\\sparkpilot\\k8s\\saas\\api-gateway-deployment.yaml": [
      {
        "type": "Secret Keyword",
        "filename": "projects\\sparkpilot\\k8s\\saas\\api-gateway-deployment.yaml",
        "hashed_secret": "f76d3e4a21ca43f6dbba7f036614040b3cc5f672",
        "is_verified": false,
        "line_number": 111
      }
    ],
    "projects\\sparkpilot\\tools\\compliance\\emass\\emass_client.py": [
      {
        "type": "Secret Keyword",
        "filename": "projects\\sparkpilot\\tools\\compliance\\emass\\emass_client.py",
        "hashed_secret": "067150653bdb6d8bb02669db8098731a8e2967e4",
        "is_verified": false,
        "line_number": 56
      },
      {
        "type": "Secret Keyword",
        "filename": "projects\\sparkpilot\\tools\\compliance\\emass\\emass_client.py",
        "hashed_secret": "72f8abf9b65dfce36c082dfc2875560ada6adcf4",
        "is_verified": false,
        "line_number": 57
      },
      {
        "type": "Secret Keyword",
        "filename": "projects\\sparkpilot\\tools\\compliance\\emass\\emass_client.py",
        "hashed_secret": "6406514707ce82aafbcf1b4d50de0b4d1c3667d4",
        "is_verified": false,
        "line_number": 58
      },
      {
        "type": "Secret Keyword",
        "filename": "projects\\sparkpilot\\tools\\compliance\\emass\\emass_client.py",
        "hashed_secret": "75db0b81aba442d6211a4950bdc98b97a44b9e1a",
        "is_verified": false,
        "line_number": 59
      }
    ],
    "projects\\sparkpilot\\tools\\compliance\\resolve_marking.py": [
      {
        "type": "Secret Keyword",
        "filename": "projects\\sparkpilot\\tools\\compliance\\resolve_marking.py",
        "hashed_secret": "5a63a58f8d68fd8d8dc685aafe89a626036d7619",
        "is_verified": false,
        "line_number": 144
      }
    ],
    "projects\\sparkpilot\\tools\\compliance\\swft_evidence_bundler.py": [
      {
        "type": "Secret Keyword",
        "filename": "projects\\sparkpilot\\tools\\compliance\\swft_evidence_bundler.py",
        "hashed_secret": "232ae882d942c8ba68b0d07f77bd2371299229ec",
        "is_verified": false,
        "line_number": 265
      }
    ],
    "projects\\sparkpilot\\tools\\compliance\\universal_classification_manager.py": [
      {
        "type": "Secret Keyword",
        "filename": "projects\\sparkpilot\\tools\\compliance\\universal_classification_manager.py",
        "hashed_secret": "9e0567dd2b345075ac6ec10979b95be71fcb7ad9",
        "is_verified": false,
        "line_number": 77
      }
    ],
    "projects\\sparkpilot\\tools\\compliance\\xacta\\xacta_client.py": [
      {
        "type": "Secret Keyword",
        "filename": "projects\\sparkpilot\\tools\\compliance\\xacta\\xacta_client.py",
        "hashed_secret": "d6c63a2bf2e44ded3646470a263bc1c139facf51",
        "is_verified": false,
        "line_number": 45
      },
      {
        "type": "Secret Keyword",
        "filename": "projects\\sparkpilot\\tools\\compliance\\xacta\\xacta_client.py",
        "hashed_secret": "f175eb020fd955ea935a96cadbba95a327494ec7",
        "is_verified": false,
        "line_number": 46
      },
      {
        "type": "Secret Keyword",
        "filename": "projects\\sparkpilot\\tools\\compliance\\xacta\\xacta_client.py",
        "hashed_secret": "2f89acd3c0cb1c8fdecaafa8ac3c64ac8e5e31f2",
        "is_verified": false,
        "line_number": 47
      }
    ],
    "projects\\sparkpilot\\tools\\db\\backup_manager.py": [
      {
        "type": "Basic Auth Credentials",
        "filename": "projects\\sparkpilot\\tools\\db\\backup_manager.py",
        "hashed_secret": "9d4e1e23bd5b727046a9e3b4b7db57bd8d6ee684",
        "is_verified": false,
        "line_number": 254
      }
    ],
    "projects\\sparkpilot\\tools\\devsecops\\pdp_config_generator.py": [
      {
        "type": "Secret Keyword",
        "filename": "projects\\sparkpilot\\tools\\devsecops\\pdp_config_generator.py",
        "hashed_secret": "1e74acd6ff9779524362a5a03058cfcdda8419d6",
        "is_verified": false,
        "line_number": 260
      },
      {
        "type": "Secret Keyword",
        "filename": "projects\\sparkpilot\\tools\\devsecops\\pdp_config_generator.py",
        "hashed_secret": "5dd82a5960c08d84e59327db0635885d4390fc28",
        "is_verified": false,
        "line_number": 282
      },
      {
        "type": "Secret Keyword",
        "filename": "projects\\sparkpilot\\tools\\devsecops\\pdp_config_generator.py",
        "hashed_secret": "8b6d6a4aa4e96263d72d252b3983d5d92928d0a9",
        "is_verified": false,
        "line_number": 304
      },
      {
        "type": "Secret Keyword",
        "filename": "projects\\sparkpilot\\tools\\devsecops\\pdp_config_generator.py",
        "hashed_secret": "0fd9010e01fb5107483cf5e7af2a6293f73fadb9",
        "is_verified": false,
        "line_number": 980
      },
      {
        "type": "Secret Keyword",
        "filename": "projects\\sparkpilot\\tools\\devsecops\\pdp_config_generator.py",
        "hashed_secret": "f46dc9e49d9c9efda70a69f42665e1e8719b8900",
        "is_verified": false,
        "line_number": 1004
      },
      {
        "type": "Secret Keyword",
        "filename": "projects\\sparkpilot\\tools\\devsecops\\pdp_config_generator.py",
        "hashed_secret": "cd3d259a576a98168d90332b0c21bb867ce62f87",
        "is_verified": false,
        "line_number": 1029
      },
      {
        "type": "Secret Keyword",
        "filename": "projects\\sparkpilot\\tools\\devsecops\\pdp_config_generator.py",
        "hashed_secret": "accc9b4031401d2daa5d1957cbe98f736a12c24d",
        "is_verified": false,
        "line_number": 1052
      }
    ],
    "projects\\sparkpilot\\tools\\infra\\pipeline_generator.py": [
      {
        "type": "Basic Auth Credentials",
        "filename": "projects\\sparkpilot\\tools\\infra\\pipeline_generator.py",
        "hashed_secret": "206c80413b9a96c1312cc346b7d2517b84463edd",
        "is_verified": false,
        "line_number": 332
      }
    ],
    "projects\\sparkpilot\\tools\\infra\\terraform_generator.py": [
      {
        "type": "Secret Keyword",
        "filename": "projects\\sparkpilot\\tools\\infra\\terraform_generator.py",
        "hashed_secret": "64780dabb601e0e119d971b80bd608d951411d57",
        "is_verified": false,
        "line_number": 992
      }
    ],
    "projects\\sparkpilot\\tools\\infra\\terraform_generator_oci.py": [
      {
        "type": "Secret Keyword",
        "filename": "projects\\sparkpilot\\tools\\infra\\terraform_generator_oci.py",
        "hashed_secret": "f4c04783479e7fc3c8eb87de2904108a4e30ba88",
        "is_verified": false,
        "line_number": 740
      }
    ],
    "projects\\sparkpilot\\tools\\llm\\embedding_provider.py": [
      {
        "type": "Secret Keyword",
        "filename": "projects\\sparkpilot\\tools\\llm\\embedding_provider.py",
        "hashed_secret": "b5c2827eb65bf13b87130e7e3c424ba9ff07cd67",
        "is_verified": false,
        "line_number": 72
      }
    ],
    "projects\\sparkpilot\\tools\\llm\\openai_provider.py": [
      {
        "type": "Secret Keyword",
        "filename": "projects\\sparkpilot\\tools\\llm\\openai_provider.py",
        "hashed_secret": "b5c2827eb65bf13b87130e7e3c424ba9ff07cd67",
        "is_verified": false,
        "line_number": 67
      }
    ],
    "projects\\sparkpilot\\tools\\security\\agent_output_validator.py": [
      {
        "type": "Private Key",
        "filename": "projects\\sparkpilot\\tools\\security\\agent_output_validator.py",
        "hashed_secret": "27c6929aef41ae2bcadac15ca6abcaff72cda9cd",
        "is_verified": false,
        "line_number": 159
      },
      {
        "type": "Private Key",
        "filename": "projects\\sparkpilot\\tools\\security\\agent_output_validator.py",
        "hashed_secret": "be4fc4886bd949b369d5e092eb87494f12e57e5b",
        "is_verified": false,
        "line_number": 159
      },
      {
        "type": "Private Key",
        "filename": "projects\\sparkpilot\\tools\\security\\agent_output_validator.py",
        "hashed_secret": "f0778f3e140a61d5bbbed5430773e52af2f5fba4",
        "is_verified": false,
        "line_number": 159
      }
    ],
    "projects\\sparkpilot\\tools\\security\\secret_detector.py": [
      {
        "type": "Private Key",
        "filename": "projects\\sparkpilot\\tools\\security\\secret_detector.py",
        "hashed_secret": "1348b145fa1a555461c1b790a2f66614781091e9",
        "is_verified": false,
        "line_number": 247
      }
    ],
    "projects\\sparkpilot\\tools\\testing\\health_check.py": [
      {
        "type": "Secret Keyword",
        "filename": "projects\\sparkpilot\\tools\\testing\\health_check.py",
        "hashed_secret": "09f2abb87861de7d3d83b92877e4ebe71e4dfa1a",
        "is_verified": false,
        "line_number": 64
      },
      {
        "type": "Secret Keyword",
        "filename": "projects\\sparkpilot\\tools\\testing\\health_check.py",
        "hashed_secret": "df62e832c97c869afa2a422df6c76f00a07de758",
        "is_verified": false,
        "line_number": 66
      }
    ],
    "tests\\conftest.py": [
      {
        "type": "Hex High Entropy String",
        "filename": "tests\\conftest.py",
        "hashed_secret": "244f421f896bdcdd2784dccf4eaf7c8dfd5189b5",
        "is_verified": false,
        "line_number": 238
      },
      {
        "type": "Secret Keyword",
        "filename": "tests\\conftest.py",
        "hashed_secret": "244f421f896bdcdd2784dccf4eaf7c8dfd5189b5",
        "is_verified": false,
        "line_number": 238
      },
      {
        "type": "Secret Keyword",
        "filename": "tests\\conftest.py",
        "hashed_secret": "a9f7872c028b2c3c37f56f63aeb9e145187e9d36",
        "is_verified": false,
        "line_number": 239
      }
    ],
    "tests\\test_agent_output_validator.py": [
      {
        "type": "Private Key",
        "filename": "tests\\test_agent_output_validator.py",
        "hashed_secret": "27c6929aef41ae2bcadac15ca6abcaff72cda9cd",
        "is_verified": false,
        "line_number": 68
      },
      {
        "type": "Private Key",
        "filename": "tests\\test_agent_output_validator.py",
        "hashed_secret": "be4fc4886bd949b369d5e092eb87494f12e57e5b",
        "is_verified": false,
        "line_number": 68
      },
      {
        "type": "Private Key",
        "filename": "tests\\test_agent_output_validator.py",
        "hashed_secret": "f0778f3e140a61d5bbbed5430773e52af2f5fba4",
        "is_verified": false,
        "line_number": 68
      },
      {
        "type": "Secret Keyword",
        "filename": "tests\\test_agent_output_validator.py",
        "hashed_secret": "b42346ab224b93fbaf2a909ae2f81ae46076816a",
        "is_verified": false,
        "line_number": 203
      }
    ],
    "tests\\test_ai_telemetry.py": [
      {
        "type": "Secret Keyword",
        "filename": "tests\\test_ai_telemetry.py",
        "hashed_secret": "15b993956c24a308913f23e501d8c4cd306f9d03",
        "is_verified": false,
        "line_number": 54
      }
    ],
    "tests\\test_byok.py": [
      {
        "type": "Secret Keyword",
        "filename": "tests\\test_byok.py",
        "hashed_secret": "baaa35cc5d00c83329afbabd715642bbb22f4439",
        "is_verified": false,
        "line_number": 293
      },
      {
        "type": "Secret Keyword",
        "filename": "tests\\test_byok.py",
        "hashed_secret": "85f7a15e46123f6b94f7f207f825dfba673810da",
        "is_verified": false,
        "line_number": 320
      }
    ],
    "tests\\test_cloud_providers.py": [
      {
        "type": "Secret Keyword",
        "filename": "tests\\test_cloud_providers.py",
        "hashed_secret": "94002b3a79b26e340656efc7ecad8c0c39617682",
        "is_verified": false,
        "line_number": 58
      }
    ],
    "tests\\test_dashboard_auth.py": [
      {
        "type": "Secret Keyword",
        "filename": "tests\\test_dashboard_auth.py",
        "hashed_secret": "deacdba023db1d55bb59221727d68280d93a4c69",
        "is_verified": false,
        "line_number": 446
      }
    ],
    "tests\\test_finetune_cloud_providers.py": [
      {
        "type": "Secret Keyword",
        "filename": "tests\\test_finetune_cloud_providers.py",
        "hashed_secret": "e9a5f12a8ecbb3eb46eca5096b5c52aa5e7c9fdd",
        "is_verified": false,
        "line_number": 45
      },
      {
        "type": "Secret Keyword",
        "filename": "tests\\test_finetune_cloud_providers.py",
        "hashed_secret": "3acfb2c2b433c0ea7ff107e33df91b18e52f960f",
        "is_verified": false,
        "line_number": 670
      }
    ],
    "tests\\test_ibm_providers.py": [
      {
        "type": "Secret Keyword",
        "filename": "tests\\test_ibm_providers.py",
        "hashed_secret": "3acfb2c2b433c0ea7ff107e33df91b18e52f960f",
        "is_verified": false,
        "line_number": 219
      }
    ],
    "tests\\test_mcp_oauth.py": [
      {
        "type": "Secret Keyword",
        "filename": "tests\\test_mcp_oauth.py",
        "hashed_secret": "65882b5e8dbab0e649474b2a626c1d24e1b317f5",
        "is_verified": false,
        "line_number": 60
      }
    ],
    "tests\\test_saas_portal.py": [
      {
        "type": "Secret Keyword",
        "filename": "tests\\test_saas_portal.py",
        "hashed_secret": "e3fb78f20fa3c2da6636d18daf4a20278c320864",
        "is_verified": false,
        "line_number": 197
      },
      {
        "type": "Secret Keyword",
        "filename": "tests\\test_saas_portal.py",
        "hashed_secret": "8434b1a74d8b5ea86a8092ca93a6503b073bbf75",
        "is_verified": false,
        "line_number": 527
      }
    ],
    "tests\\test_trace_context.py": [
      {
        "type": "Hex High Entropy String",
        "filename": "tests\\test_trace_context.py",
        "hashed_secret": "6740d1ecb48c5c9ca3b2a3cb1ca2f4b4d4487473",
        "is_verified": false,
        "line_number": 193
      }
    ],
    "tests\\test_usage_tracking.py": [
      {
        "type": "Secret Keyword",
        "filename": "tests\\test_usage_tracking.py",
        "hashed_secret": "dfba7aade0868074c2861c98e2a9a92f3178a51b",
        "is_verified": false,
        "line_number": 65
      }
    ],
    "tools\\builder\\child_app_generator.py": [
      {
        "type": "Base64 High Entropy String",
        "filename": "tools\\builder\\child_app_generator.py",
        "hashed_secret": "578dca92e26ad09a9cb9f13977df9251693b767a",
        "is_verified": false,
        "line_number": 412
      },
      {
        "type": "Base64 High Entropy String",
        "filename": "tools\\builder\\child_app_generator.py",
        "hashed_secret": "3cbf24570bad4207bcf7199f469fc327f2ad51af",
        "is_verified": false,
        "line_number": 427
      }
    ],
    "tools\\builder\\profile_detector.py": [
      {
        "type": "Secret Keyword",
        "filename": "tools\\builder\\profile_detector.py",
        "hashed_secret": "3c2ae4bf3ee04c18976cbbe260adb8a5a966fdab",
        "is_verified": false,
        "line_number": 437
      }
    ],
    "tools\\cloud\\secrets_provider.py": [
      {
        "type": "Secret Keyword",
        "filename": "tools\\cloud\\secrets_provider.py",
        "hashed_secret": "e349674cd33923380f88b6ae67a750258a7e9a57",
        "is_verified": false,
        "line_number": 389
      }
    ],
    "tools\\compliance\\emass\\emass_client.py": [
      {
        "type": "Secret Keyword",
        "filename": "tools\\compliance\\emass\\emass_client.py",
        "hashed_secret": "067150653bdb6d8bb02669db8098731a8e2967e4",
        "is_verified": false,
        "line_number": 56
      },
      {
        "type": "Secret Keyword",
        "filename": "tools\\compliance\\emass\\emass_client.py",
        "hashed_secret": "72f8abf9b65dfce36c082dfc2875560ada6adcf4",
        "is_verified": false,
        "line_number": 57
      },
      {
        "type": "Secret Keyword",
        "filename": "tools\\compliance\\emass\\emass_client.py",
        "hashed_secret": "6406514707ce82aafbcf1b4d50de0b4d1c3667d4",
        "is_verified": false,
        "line_number": 58
      },
      {
        "type": "Secret Keyword",
        "filename": "tools\\compliance\\emass\\emass_client.py",
        "hashed_secret": "75db0b81aba442d6211a4950bdc98b97a44b9e1a",
        "is_verified": false,
        "line_number": 59
      }
    ],
    "tools\\compliance\\resolve_marking.py": [
      {
        "type": "Secret Keyword",
        "filename": "tools\\compliance\\resolve_marking.py",
        "hashed_secret": "5a63a58f8d68fd8d8dc685aafe89a626036d7619",
        "is_verified": false,
        "line_number": 144
      }
    ],
    "tools\\compliance\\swft_evidence_bundler.py": [
      {
        "type": "Secret Keyword",
        "filename": "tools\\compliance\\swft_evidence_bundler.py",
        "hashed_secret": "232ae882d942c8ba68b0d07f77bd2371299229ec",
        "is_verified": false,
        "line_number": 265
      }
    ],
    "tools\\compliance\\universal_classification_manager.py": [
      {
        "type": "Secret Keyword",
        "filename": "tools\\compliance\\universal_classification_manager.py",
        "hashed_secret": "9e0567dd2b345075ac6ec10979b95be71fcb7ad9",
        "is_verified": false,
        "line_number": 77
      }
    ],
    "tools\\compliance\\xacta\\xacta_client.py": [
      {
        "type": "Secret Keyword",
        "filename": "tools\\compliance\\xacta\\xacta_client.py",
        "hashed_secret": "d6c63a2bf2e44ded3646470a263bc1c139facf51",
        "is_verified": false,
        "line_number": 45
      },
      {
        "type": "Secret Keyword",
        "filename": "tools\\compliance\\xacta\\xacta_client.py",
        "hashed_secret": "f175eb020fd955ea935a96cadbba95a327494ec7",
        "is_verified": false,
        "line_number": 46
      },
      {
        "type": "Secret Keyword",
        "filename": "tools\\compliance\\xacta\\xacta_client.py",
        "hashed_secret": "2f89acd3c0cb1c8fdecaafa8ac3c64ac8e5e31f2",
        "is_verified": false,
        "line_number": 47
      }
    ],
    "tools\\dashboard\\api\\intake.py": [
      {
        "type": "Secret Keyword",
        "filename": "tools\\dashboard\\api\\intake.py",
        "hashed_secret": "24227ade01f11b750b66120134fbabd753ef3880",
        "is_verified": false,
        "line_number": 856
      },
      {
        "type": "Secret Keyword",
        "filename": "tools\\dashboard\\api\\intake.py",
        "hashed_secret": "21345367fecc9657f1d3ebf8622aa9d41e0e6a92",
        "is_verified": false,
        "line_number": 860
      }
    ],
    "tools\\dashboard\\auth.py": [
      {
        "type": "Secret Keyword",
        "filename": "tools\\dashboard\\auth.py",
        "hashed_secret": "5e7a1a2fa883a775640ed092672abe4239aa206f",
        "is_verified": false,
        "line_number": 40
      }
    ],
    "tools\\databridge\\forge\\spec_parser.py": [
      {
        "type": "Secret Keyword",
        "filename": "tools\\databridge\\forge\\spec_parser.py",
        "hashed_secret": "665b1e3851eefefa3fb878654292f16597d25155",
        "is_verified": false,
        "line_number": 161
      }
    ],
    "tools\\db\\backup_manager.py": [
      {
        "type": "Basic Auth Credentials",
        "filename": "tools\\db\\backup_manager.py",
        "hashed_secret": "9d4e1e23bd5b727046a9e3b4b7db57bd8d6ee684",
        "is_verified": false,
        "line_number": 254
      }
    ],
    "tools\\devsecops\\pdp_config_generator.py": [
      {
        "type": "Secret Keyword",
        "filename": "tools\\devsecops\\pdp_config_generator.py",
        "hashed_secret": "1e74acd6ff9779524362a5a03058cfcdda8419d6",
        "is_verified": false,
        "line_number": 260
      },
      {
        "type": "Secret Keyword",
        "filename": "tools\\devsecops\\pdp_config_generator.py",
        "hashed_secret": "5dd82a5960c08d84e59327db0635885d4390fc28",
        "is_verified": false,
        "line_number": 282
      },
      {
        "type": "Secret Keyword",
        "filename": "tools\\devsecops\\pdp_config_generator.py",
        "hashed_secret": "8b6d6a4aa4e96263d72d252b3983d5d92928d0a9",
        "is_verified": false,
        "line_number": 304
      },
      {
        "type": "Secret Keyword",
        "filename": "tools\\devsecops\\pdp_config_generator.py",
        "hashed_secret": "0fd9010e01fb5107483cf5e7af2a6293f73fadb9",
        "is_verified": false,
        "line_number": 980
      },
      {
        "type": "Secret Keyword",
        "filename": "tools\\devsecops\\pdp_config_generator.py",
        "hashed_secret": "f46dc9e49d9c9efda70a69f42665e1e8719b8900",
        "is_verified": false,
        "line_number": 1004
      },
      {
        "type": "Secret Keyword",
        "filename": "tools\\devsecops\\pdp_config_generator.py",
        "hashed_secret": "cd3d259a576a98168d90332b0c21bb867ce62f87",
        "is_verified": false,
        "line_number": 1029
      },
      {
        "type": "Secret Keyword",
        "filename": "tools\\devsecops\\pdp_config_generator.py",
        "hashed_secret": "accc9b4031401d2daa5d1957cbe98f736a12c24d",
        "is_verified": false,
        "line_number": 1052
      }
    ],
    "tools\\infra\\pipeline_generator.py": [
      {
        "type": "Basic Auth Credentials",
        "filename": "tools\\infra\\pipeline_generator.py",
        "hashed_secret": "206c80413b9a96c1312cc346b7d2517b84463edd",
        "is_verified": false,
        "line_number": 332
      }
    ],
    "tools\\infra\\terraform_generator.py": [
      {
        "type": "Secret Keyword",
        "filename": "tools\\infra\\terraform_generator.py",
        "hashed_secret": "64780dabb601e0e119d971b80bd608d951411d57",
        "is_verified": false,
        "line_number": 992
      }
    ],
    "tools\\infra\\terraform_generator_oci.py": [
      {
        "type": "Secret Keyword",
        "filename": "tools\\infra\\terraform_generator_oci.py",
        "hashed_secret": "f4c04783479e7fc3c8eb87de2904108a4e30ba88",
        "is_verified": false,
        "line_number": 740
      }
    ],
    "tools\\llm\\embedding_provider.py": [
      {
        "type": "Secret Keyword",
        "filename": "tools\\llm\\embedding_provider.py",
        "hashed_secret": "b5c2827eb65bf13b87130e7e3c424ba9ff07cd67",
        "is_verified": false,
        "line_number": 72
      }
    ],
    "tools\\llm\\openai_provider.py": [
      {
        "type": "Secret Keyword",
        "filename": "tools\\llm\\openai_provider.py",
        "hashed_secret": "b5c2827eb65bf13b87130e7e3c424ba9ff07cd67",
        "is_verified": false,
        "line_number": 67
      }
    ],
    "tools\\saas\\models.py": [
      {
        "type": "Secret Keyword",
        "filename": "tools\\saas\\models.py",
        "hashed_secret": "665b1e3851eefefa3fb878654292f16597d25155",
        "is_verified": false,
        "line_number": 44
      }
    ],
    "tools\\security\\agent_output_validator.py": [
      {
        "type": "Private Key",
        "filename": "tools\\security\\agent_output_validator.py",
        "hashed_secret": "27c6929aef41ae2bcadac15ca6abcaff72cda9cd",
        "is_verified": false,
        "line_number": 159
      },
      {
        "type": "Private Key",
        "filename": "tools\\security\\agent_output_validator.py",
        "hashed_secret": "be4fc4886bd949b369d5e092eb87494f12e57e5b",
        "is_verified": false,
        "line_number": 159
      },
      {
        "type": "Private Key",
        "filename": "tools\\security\\agent_output_validator.py",
        "hashed_secret": "f0778f3e140a61d5bbbed5430773e52af2f5fba4",
        "is_verified": false,
        "line_number": 159
      }
    ],
    "tools\\security\\secret_detector.py": [
      {
        "type": "Private Key",
        "filename": "tools\\security\\secret_detector.py",
        "hashed_secret": "1348b145fa1a555461c1b790a2f66614781091e9",
        "is_verified": false,
        "line_number": 247
      }
    ],
    "tools\\testing\\health_check.py": [
      {
        "type": "Secret Keyword",
        "filename": "tools\\testing\\health_check.py",
        "hashed_secret": "09f2abb87861de7d3d83b92877e4ebe71e4dfa1a",
        "is_verified": false,
        "line_number": 64
      },
      {
        "type": "Secret Keyword",
        "filename": "tools\\testing\\health_check.py",
        "hashed_secret": "df62e832c97c869afa2a422df6c76f00a07de758",
        "is_verified": false,
        "line_number": 66
      }
    ]
  },
  "generated_at": "2026-03-18T00:52:17Z"
}
